<?xml version="1.0" encoding="UTF-8"?>
<TestRun id="39f0a671-383d-4d9d-8366-728fda36cbbb" name="Omar@OMAR-PC 2012-11-21 23:28:40" runUser="Omar-PC\Omar" xmlns="http://microsoft.com/schemas/VisualStudio/TeamTest/2010">
  <TestSettings name="Local" id="eef0e273-97f3-4062-8c3f-615cccc566c4">
    <Description>These are default test settings for a local test run.</Description>
    <Deployment enabled="false" runDeploymentRoot="Omar_OMAR-PC 2012-11-21 23_28_40">
      <DeploymentItem filename="D:\Git\Apriori Source Code\WPFClient\bin\Debug\WPFClient.exe" />
      <DeploymentItem filename="D:\Git\Apriori Source Code\AprioriAlgorithm\bin\Debug\AprioriAlgorithm.dll" />
      <DeploymentItem filename="D:\Git\Apriori Source Code\References\Moq.dll" />
    </Deployment>
    <Execution>
      <TestTypeSpecific />
      <AgentRule name="Execution Agents">
      </AgentRule>
    </Execution>
  </TestSettings>
  <Times creation="2012-11-21T23:28:40.2860788+02:00" queuing="2012-11-21T23:28:40.4410877+02:00" start="2012-11-21T23:28:40.4880904+02:00" finish="2012-11-21T23:28:41.4761469+02:00" />
  <ResultSummary outcome="Completed">
    <Counters total="24" executed="24" passed="24" error="0" failed="0" timeout="0" aborted="0" inconclusive="0" passedButRunAborted="0" notRunnable="0" notExecuted="0" disconnected="0" warning="0" completed="0" inProgress="0" pending="0" />
  </ResultSummary>
  <TestDefinitions>
    <UnitTest name="GenerateCandidate_SingleElementsTest" storage="d:\git\apriori source code\unittests\bin\debug\unittests.dll" id="db1faccf-a701-0d7d-e8da-06f4be234fc3">
      <Execution id="6310bcb9-b089-43cb-bb8e-9384104c38e0" />
      <TestMethod codeBase="D:/Git/Apriori Source Code/UnitTests/bin/Debug/UnitTests.DLL" adapterTypeName="Microsoft.VisualStudio.TestTools.TestTypes.Unit.UnitTestAdapter, Microsoft.VisualStudio.QualityTools.Tips.UnitTest.Adapter, Version=10.0.0.0, Culture=neutral, PublicKeyToken=b03f5f7f11d50a3a" className="UnitTests.AprioriTest, UnitTests, Version=1.0.0.0, Culture=neutral, PublicKeyToken=null" name="GenerateCandidate_SingleElementsTest" />
    </UnitTest>
    <UnitTest name="CheckIsSubsetTest" storage="d:\git\apriori source code\unittests\bin\debug\unittests.dll" id="47355744-f9b3-7ddf-e694-1d993a4aff04">
      <Execution id="41bbd925-0463-4101-b883-94fab621bc32" />
      <TestMethod codeBase="D:/Git/Apriori Source Code/UnitTests/bin/Debug/UnitTests.DLL" adapterTypeName="Microsoft.VisualStudio.TestTools.TestTypes.Unit.UnitTestAdapter, Microsoft.VisualStudio.QualityTools.Tips.UnitTest.Adapter, Version=10.0.0.0, Culture=neutral, PublicKeyToken=b03f5f7f11d50a3a" className="UnitTests.AprioriTest, UnitTests, Version=1.0.0.0, Culture=neutral, PublicKeyToken=null" name="CheckIsSubsetTest" />
    </UnitTest>
    <UnitTest name="GenerateSubsetsTest" storage="d:\git\apriori source code\unittests\bin\debug\unittests.dll" id="0d9c70f7-77dc-7cc2-5ad5-e6c93da95a85">
      <Execution id="9614ce89-bb21-4a34-a71c-3770f73ba5b7" />
      <TestMethod codeBase="D:/Git/Apriori Source Code/UnitTests/bin/Debug/UnitTests.DLL" adapterTypeName="Microsoft.VisualStudio.TestTools.TestTypes.Unit.UnitTestAdapter, Microsoft.VisualStudio.QualityTools.Tips.UnitTest.Adapter, Version=10.0.0.0, Culture=neutral, PublicKeyToken=b03f5f7f11d50a3a" className="UnitTests.AprioriTest, UnitTests, Version=1.0.0.0, Culture=neutral, PublicKeyToken=null" name="GenerateSubsetsTest" />
    </UnitTest>
    <UnitTest name="GetL1FrequentItemsTest" storage="d:\git\apriori source code\unittests\bin\debug\unittests.dll" id="d9452e47-f6d3-fd21-14d3-de11b83794de">
      <Execution id="4370c164-ed76-41e0-8bfb-7a087dcb1308" />
      <TestMethod codeBase="D:/Git/Apriori Source Code/UnitTests/bin/Debug/UnitTests.DLL" adapterTypeName="Microsoft.VisualStudio.TestTools.TestTypes.Unit.UnitTestAdapter, Microsoft.VisualStudio.QualityTools.Tips.UnitTest.Adapter, Version=10.0.0.0, Culture=neutral, PublicKeyToken=b03f5f7f11d50a3a" className="UnitTests.AprioriTest, UnitTests, Version=1.0.0.0, Culture=neutral, PublicKeyToken=null" name="GetL1FrequentItemsTest" />
    </UnitTest>
    <UnitTest name="GenerateCandidate_SameFirstElementTest" storage="d:\git\apriori source code\unittests\bin\debug\unittests.dll" id="7aa91dbc-bf30-d8dc-2e2c-67540148b539">
      <Execution id="b6a9cba6-945b-45b3-8f8b-909f5a6c91d4" />
      <TestMethod codeBase="D:/Git/Apriori Source Code/UnitTests/bin/Debug/UnitTests.DLL" adapterTypeName="Microsoft.VisualStudio.TestTools.TestTypes.Unit.UnitTestAdapter, Microsoft.VisualStudio.QualityTools.Tips.UnitTest.Adapter, Version=10.0.0.0, Culture=neutral, PublicKeyToken=b03f5f7f11d50a3a" className="UnitTests.AprioriTest, UnitTests, Version=1.0.0.0, Culture=neutral, PublicKeyToken=null" name="GenerateCandidate_SameFirstElementTest" />
    </UnitTest>
    <UnitTest name="DeleteTransactionTest" storage="d:\git\apriori source code\unittests\bin\debug\unittests.dll" id="0f6be0cd-d9b5-1c72-ee7c-4ab1f6302148">
      <Execution id="260bd3d1-ded0-40d2-87d3-2d4a602908ba" />
      <TestMethod codeBase="D:/Git/Apriori Source Code/UnitTests/bin/Debug/UnitTests.DLL" adapterTypeName="Microsoft.VisualStudio.TestTools.TestTypes.Unit.UnitTestAdapter, Microsoft.VisualStudio.QualityTools.Tips.UnitTest.Adapter, Version=10.0.0.0, Culture=neutral, PublicKeyToken=b03f5f7f11d50a3a" className="UnitTests.MainViewModelTest, UnitTests, Version=1.0.0.0, Culture=neutral, PublicKeyToken=null" name="DeleteTransactionTest" />
    </UnitTest>
    <UnitTest name="CanRemoveItemWhenSelectedItemIsNull" storage="d:\git\apriori source code\unittests\bin\debug\unittests.dll" id="7d0da9b9-0f04-1952-d8cf-da2e5c93727e">
      <Execution id="b0319278-3e7e-4356-82c7-2e4f48a984bb" />
      <TestMethod codeBase="D:/Git/Apriori Source Code/UnitTests/bin/Debug/UnitTests.DLL" adapterTypeName="Microsoft.VisualStudio.TestTools.TestTypes.Unit.UnitTestAdapter, Microsoft.VisualStudio.QualityTools.Tips.UnitTest.Adapter, Version=10.0.0.0, Culture=neutral, PublicKeyToken=b03f5f7f11d50a3a" className="UnitTests.MainViewModelTest, UnitTests, Version=1.0.0.0, Culture=neutral, PublicKeyToken=null" name="CanRemoveItemWhenSelectedItemIsNull" />
    </UnitTest>
    <UnitTest name="GenerateCandidate_DifferentFirstElementTest" storage="d:\git\apriori source code\unittests\bin\debug\unittests.dll" id="3db3f769-84d0-6e9f-d9cf-0f244a128d3e">
      <Execution id="d5ead803-58fc-4238-bd5e-3044460b315b" />
      <TestMethod codeBase="D:/Git/Apriori Source Code/UnitTests/bin/Debug/UnitTests.DLL" adapterTypeName="Microsoft.VisualStudio.TestTools.TestTypes.Unit.UnitTestAdapter, Microsoft.VisualStudio.QualityTools.Tips.UnitTest.Adapter, Version=10.0.0.0, Culture=neutral, PublicKeyToken=b03f5f7f11d50a3a" className="UnitTests.AprioriTest, UnitTests, Version=1.0.0.0, Culture=neutral, PublicKeyToken=null" name="GenerateCandidate_DifferentFirstElementTest" />
    </UnitTest>
    <UnitTest name="GetFrequentItemsTest" storage="d:\git\apriori source code\unittests\bin\debug\unittests.dll" id="b00b8de3-a232-5c13-f763-f9655213c826">
      <Execution id="58adaf10-00d8-4514-903e-c65c0ebf2b06" />
      <TestMethod codeBase="D:/Git/Apriori Source Code/UnitTests/bin/Debug/UnitTests.DLL" adapterTypeName="Microsoft.VisualStudio.TestTools.TestTypes.Unit.UnitTestAdapter, Microsoft.VisualStudio.QualityTools.Tips.UnitTest.Adapter, Version=10.0.0.0, Culture=neutral, PublicKeyToken=b03f5f7f11d50a3a" className="UnitTests.AprioriTest, UnitTests, Version=1.0.0.0, Culture=neutral, PublicKeyToken=null" name="GetFrequentItemsTest" />
    </UnitTest>
    <UnitTest name="RemoveItemTest" storage="d:\git\apriori source code\unittests\bin\debug\unittests.dll" id="7be207c9-5a2c-bada-4c5d-443cebf103df">
      <Execution id="3bdaf8d1-c90a-4824-b41f-c90aafd187d6" />
      <TestMethod codeBase="D:/Git/Apriori Source Code/UnitTests/bin/Debug/UnitTests.DLL" adapterTypeName="Microsoft.VisualStudio.TestTools.TestTypes.Unit.UnitTestAdapter, Microsoft.VisualStudio.QualityTools.Tips.UnitTest.Adapter, Version=10.0.0.0, Culture=neutral, PublicKeyToken=b03f5f7f11d50a3a" className="UnitTests.MainViewModelTest, UnitTests, Version=1.0.0.0, Culture=neutral, PublicKeyToken=null" name="RemoveItemTest" />
    </UnitTest>
    <UnitTest name="ProcessTransactionsTest" storage="d:\git\apriori source code\unittests\bin\debug\unittests.dll" id="eeab1caf-cb80-c4b9-3fc0-c9d988400c4f">
      <Execution id="3d5a0cab-a59b-43a6-a901-6801e0948dfc" />
      <TestMethod codeBase="D:/Git/Apriori Source Code/UnitTests/bin/Debug/UnitTests.DLL" adapterTypeName="Microsoft.VisualStudio.TestTools.TestTypes.Unit.UnitTestAdapter, Microsoft.VisualStudio.QualityTools.Tips.UnitTest.Adapter, Version=10.0.0.0, Culture=neutral, PublicKeyToken=b03f5f7f11d50a3a" className="UnitTests.MainViewModelTest, UnitTests, Version=1.0.0.0, Culture=neutral, PublicKeyToken=null" name="ProcessTransactionsTest" />
    </UnitTest>
    <UnitTest name="ClearAllTransactionsTest" storage="d:\git\apriori source code\unittests\bin\debug\unittests.dll" id="f8e6568f-420f-a5f2-94a0-b241c1aa07ee">
      <Execution id="7b8df823-13f2-4f6a-af2b-d89fce950545" />
      <TestMethod codeBase="D:/Git/Apriori Source Code/UnitTests/bin/Debug/UnitTests.DLL" adapterTypeName="Microsoft.VisualStudio.TestTools.TestTypes.Unit.UnitTestAdapter, Microsoft.VisualStudio.QualityTools.Tips.UnitTest.Adapter, Version=10.0.0.0, Culture=neutral, PublicKeyToken=b03f5f7f11d50a3a" className="UnitTests.MainViewModelTest, UnitTests, Version=1.0.0.0, Culture=neutral, PublicKeyToken=null" name="ClearAllTransactionsTest" />
    </UnitTest>
    <UnitTest name="AddItemTest" storage="d:\git\apriori source code\unittests\bin\debug\unittests.dll" id="3c75c560-2942-0354-6ed8-d83a610cc1b4">
      <Execution id="0187053d-6f7e-44e2-ac65-c5adb3887c47" />
      <TestMethod codeBase="D:/Git/Apriori Source Code/UnitTests/bin/Debug/UnitTests.DLL" adapterTypeName="Microsoft.VisualStudio.TestTools.TestTypes.Unit.UnitTestAdapter, Microsoft.VisualStudio.QualityTools.Tips.UnitTest.Adapter, Version=10.0.0.0, Culture=neutral, PublicKeyToken=b03f5f7f11d50a3a" className="UnitTests.MainViewModelTest, UnitTests, Version=1.0.0.0, Culture=neutral, PublicKeyToken=null" name="AddItemTest" />
    </UnitTest>
    <UnitTest name="AddTransactionTest" storage="d:\git\apriori source code\unittests\bin\debug\unittests.dll" id="71eed856-c94e-d277-7327-7d975d95ea1d">
      <Execution id="94856fc3-848a-4a0d-a74e-6b9761ac3254" />
      <TestMethod codeBase="D:/Git/Apriori Source Code/UnitTests/bin/Debug/UnitTests.DLL" adapterTypeName="Microsoft.VisualStudio.TestTools.TestTypes.Unit.UnitTestAdapter, Microsoft.VisualStudio.QualityTools.Tips.UnitTest.Adapter, Version=10.0.0.0, Culture=neutral, PublicKeyToken=b03f5f7f11d50a3a" className="UnitTests.MainViewModelTest, UnitTests, Version=1.0.0.0, Culture=neutral, PublicKeyToken=null" name="AddTransactionTest" />
    </UnitTest>
    <UnitTest name="CanAddTransactionTest" storage="d:\git\apriori source code\unittests\bin\debug\unittests.dll" id="e9ad4b8e-5f8a-b5e8-e730-e321bc439662">
      <Execution id="b2995732-65de-4762-8f7e-07b31ffcae14" />
      <TestMethod codeBase="D:/Git/Apriori Source Code/UnitTests/bin/Debug/UnitTests.DLL" adapterTypeName="Microsoft.VisualStudio.TestTools.TestTypes.Unit.UnitTestAdapter, Microsoft.VisualStudio.QualityTools.Tips.UnitTest.Adapter, Version=10.0.0.0, Culture=neutral, PublicKeyToken=b03f5f7f11d50a3a" className="UnitTests.MainViewModelTest, UnitTests, Version=1.0.0.0, Culture=neutral, PublicKeyToken=null" name="CanAddTransactionTest" />
    </UnitTest>
    <UnitTest name="SortTest" storage="d:\git\apriori source code\unittests\bin\debug\unittests.dll" id="d691d167-395e-77cd-bd5c-db1e0eb70640">
      <Execution id="2d10bf64-1d8b-4ae4-a355-fb45de67f6c3" />
      <TestMethod codeBase="D:/Git/Apriori Source Code/UnitTests/bin/Debug/UnitTests.DLL" adapterTypeName="Microsoft.VisualStudio.TestTools.TestTypes.Unit.UnitTestAdapter, Microsoft.VisualStudio.QualityTools.Tips.UnitTest.Adapter, Version=10.0.0.0, Culture=neutral, PublicKeyToken=b03f5f7f11d50a3a" className="UnitTests.SorterTest, UnitTests, Version=1.0.0.0, Culture=neutral, PublicKeyToken=null" name="SortTest" />
    </UnitTest>
    <UnitTest name="ProcessTransactionTest" storage="d:\git\apriori source code\unittests\bin\debug\unittests.dll" id="b342f264-9df3-807c-ce99-6c6e897104ee">
      <Execution id="1ae7f783-ff3a-4f0b-8c9e-3b5d2d9ad85c" />
      <TestMethod codeBase="D:/Git/Apriori Source Code/UnitTests/bin/Debug/UnitTests.DLL" adapterTypeName="Microsoft.VisualStudio.TestTools.TestTypes.Unit.UnitTestAdapter, Microsoft.VisualStudio.QualityTools.Tips.UnitTest.Adapter, Version=10.0.0.0, Culture=neutral, PublicKeyToken=b03f5f7f11d50a3a" className="UnitTests.AprioriTest, UnitTests, Version=1.0.0.0, Culture=neutral, PublicKeyToken=null" name="ProcessTransactionTest" />
    </UnitTest>
    <UnitTest name="GenerateCandidatesTest" storage="d:\git\apriori source code\unittests\bin\debug\unittests.dll" id="806e8973-81b6-8790-7470-23437b085dfa">
      <Execution id="209f18a5-502f-46a9-8322-9958b6fdaecb" />
      <TestMethod codeBase="D:/Git/Apriori Source Code/UnitTests/bin/Debug/UnitTests.DLL" adapterTypeName="Microsoft.VisualStudio.TestTools.TestTypes.Unit.UnitTestAdapter, Microsoft.VisualStudio.QualityTools.Tips.UnitTest.Adapter, Version=10.0.0.0, Culture=neutral, PublicKeyToken=b03f5f7f11d50a3a" className="UnitTests.AprioriTest, UnitTests, Version=1.0.0.0, Culture=neutral, PublicKeyToken=null" name="GenerateCandidatesTest" />
    </UnitTest>
    <UnitTest name="GenerateSubsetsRecursiveTest" storage="d:\git\apriori source code\unittests\bin\debug\unittests.dll" id="11e29e37-ee22-7d4c-b79d-dcd1859ee1d8">
      <Execution id="6191912d-edb1-4bcb-9501-53984c10b541" />
      <TestMethod codeBase="D:/Git/Apriori Source Code/UnitTests/bin/Debug/UnitTests.DLL" adapterTypeName="Microsoft.VisualStudio.TestTools.TestTypes.Unit.UnitTestAdapter, Microsoft.VisualStudio.QualityTools.Tips.UnitTest.Adapter, Version=10.0.0.0, Culture=neutral, PublicKeyToken=b03f5f7f11d50a3a" className="UnitTests.AprioriTest, UnitTests, Version=1.0.0.0, Culture=neutral, PublicKeyToken=null" name="GenerateSubsetsRecursiveTest" />
    </UnitTest>
    <UnitTest name="CanDeleteTransactionWhenSelectedTransactionIsNull" storage="d:\git\apriori source code\unittests\bin\debug\unittests.dll" id="8a6277c8-9673-2df9-304e-40d5a57ac204">
      <Execution id="cf637939-9771-42e1-bbd5-59d01da9b1a5" />
      <TestMethod codeBase="D:/Git/Apriori Source Code/UnitTests/bin/Debug/UnitTests.DLL" adapterTypeName="Microsoft.VisualStudio.TestTools.TestTypes.Unit.UnitTestAdapter, Microsoft.VisualStudio.QualityTools.Tips.UnitTest.Adapter, Version=10.0.0.0, Culture=neutral, PublicKeyToken=b03f5f7f11d50a3a" className="UnitTests.MainViewModelTest, UnitTests, Version=1.0.0.0, Culture=neutral, PublicKeyToken=null" name="CanDeleteTransactionWhenSelectedTransactionIsNull" />
    </UnitTest>
    <UnitTest name="InsertItemTest" storage="d:\git\apriori source code\unittests\bin\debug\unittests.dll" id="ce80328c-f6af-3623-2cba-3bf4c84f0d26">
      <Execution id="35cbc00e-7c5a-4797-84fa-91d8241a7ba6" />
      <TestMethod codeBase="D:/Git/Apriori Source Code/UnitTests/bin/Debug/UnitTests.DLL" adapterTypeName="Microsoft.VisualStudio.TestTools.TestTypes.Unit.UnitTestAdapter, Microsoft.VisualStudio.QualityTools.Tips.UnitTest.Adapter, Version=10.0.0.0, Culture=neutral, PublicKeyToken=b03f5f7f11d50a3a" className="UnitTests.ObservableSetTest, UnitTests, Version=1.0.0.0, Culture=neutral, PublicKeyToken=null" name="InsertItemTest" />
    </UnitTest>
    <UnitTest name="GetSupportTest" storage="d:\git\apriori source code\unittests\bin\debug\unittests.dll" id="f7f977c7-b1c5-b0a6-f983-8fb2c58ca403">
      <Execution id="5e388ec3-67c7-4213-8e5a-c8164549ef1f" />
      <TestMethod codeBase="D:/Git/Apriori Source Code/UnitTests/bin/Debug/UnitTests.DLL" adapterTypeName="Microsoft.VisualStudio.TestTools.TestTypes.Unit.UnitTestAdapter, Microsoft.VisualStudio.QualityTools.Tips.UnitTest.Adapter, Version=10.0.0.0, Culture=neutral, PublicKeyToken=b03f5f7f11d50a3a" className="UnitTests.AprioriTest, UnitTests, Version=1.0.0.0, Culture=neutral, PublicKeyToken=null" name="GetSupportTest" />
    </UnitTest>
    <UnitTest name="CanAddTransactionWhenNoItemsSelectedTest" storage="d:\git\apriori source code\unittests\bin\debug\unittests.dll" id="bd506b04-302a-9ac6-c456-9c60e08dd706">
      <Execution id="9e158e73-fae0-4b43-9776-a006c890efa4" />
      <TestMethod codeBase="D:/Git/Apriori Source Code/UnitTests/bin/Debug/UnitTests.DLL" adapterTypeName="Microsoft.VisualStudio.TestTools.TestTypes.Unit.UnitTestAdapter, Microsoft.VisualStudio.QualityTools.Tips.UnitTest.Adapter, Version=10.0.0.0, Culture=neutral, PublicKeyToken=b03f5f7f11d50a3a" className="UnitTests.MainViewModelTest, UnitTests, Version=1.0.0.0, Culture=neutral, PublicKeyToken=null" name="CanAddTransactionWhenNoItemsSelectedTest" />
    </UnitTest>
    <UnitTest name="RemoveItemInTransactionTest" storage="d:\git\apriori source code\unittests\bin\debug\unittests.dll" id="78da8912-693d-a93a-93ce-8018b63f2936">
      <Execution id="13d2d99b-e31a-4fc8-b086-7d2111cfae0a" />
      <TestMethod codeBase="D:/Git/Apriori Source Code/UnitTests/bin/Debug/UnitTests.DLL" adapterTypeName="Microsoft.VisualStudio.TestTools.TestTypes.Unit.UnitTestAdapter, Microsoft.VisualStudio.QualityTools.Tips.UnitTest.Adapter, Version=10.0.0.0, Culture=neutral, PublicKeyToken=b03f5f7f11d50a3a" className="UnitTests.MainViewModelTest, UnitTests, Version=1.0.0.0, Culture=neutral, PublicKeyToken=null" name="RemoveItemInTransactionTest" />
    </UnitTest>
  </TestDefinitions>
  <TestLists>
    <TestList name="Results Not in a List" id="8c84fa94-04c1-424b-9868-57a2d4851a1d" />
    <TestList name="All Loaded Results" id="19431567-8539-422a-85d7-44ee4e166bda" />
  </TestLists>
  <TestEntries>
    <TestEntry testId="0d9c70f7-77dc-7cc2-5ad5-e6c93da95a85" executionId="9614ce89-bb21-4a34-a71c-3770f73ba5b7" testListId="8c84fa94-04c1-424b-9868-57a2d4851a1d" />
    <TestEntry testId="0f6be0cd-d9b5-1c72-ee7c-4ab1f6302148" executionId="260bd3d1-ded0-40d2-87d3-2d4a602908ba" testListId="8c84fa94-04c1-424b-9868-57a2d4851a1d" />
    <TestEntry testId="11e29e37-ee22-7d4c-b79d-dcd1859ee1d8" executionId="6191912d-edb1-4bcb-9501-53984c10b541" testListId="8c84fa94-04c1-424b-9868-57a2d4851a1d" />
    <TestEntry testId="3c75c560-2942-0354-6ed8-d83a610cc1b4" executionId="0187053d-6f7e-44e2-ac65-c5adb3887c47" testListId="8c84fa94-04c1-424b-9868-57a2d4851a1d" />
    <TestEntry testId="3db3f769-84d0-6e9f-d9cf-0f244a128d3e" executionId="d5ead803-58fc-4238-bd5e-3044460b315b" testListId="8c84fa94-04c1-424b-9868-57a2d4851a1d" />
    <TestEntry testId="47355744-f9b3-7ddf-e694-1d993a4aff04" executionId="41bbd925-0463-4101-b883-94fab621bc32" testListId="8c84fa94-04c1-424b-9868-57a2d4851a1d" />
    <TestEntry testId="71eed856-c94e-d277-7327-7d975d95ea1d" executionId="94856fc3-848a-4a0d-a74e-6b9761ac3254" testListId="8c84fa94-04c1-424b-9868-57a2d4851a1d" />
    <TestEntry testId="78da8912-693d-a93a-93ce-8018b63f2936" executionId="13d2d99b-e31a-4fc8-b086-7d2111cfae0a" testListId="8c84fa94-04c1-424b-9868-57a2d4851a1d" />
    <TestEntry testId="7aa91dbc-bf30-d8dc-2e2c-67540148b539" executionId="b6a9cba6-945b-45b3-8f8b-909f5a6c91d4" testListId="8c84fa94-04c1-424b-9868-57a2d4851a1d" />
    <TestEntry testId="7be207c9-5a2c-bada-4c5d-443cebf103df" executionId="3bdaf8d1-c90a-4824-b41f-c90aafd187d6" testListId="8c84fa94-04c1-424b-9868-57a2d4851a1d" />
    <TestEntry testId="7d0da9b9-0f04-1952-d8cf-da2e5c93727e" executionId="b0319278-3e7e-4356-82c7-2e4f48a984bb" testListId="8c84fa94-04c1-424b-9868-57a2d4851a1d" />
    <TestEntry testId="806e8973-81b6-8790-7470-23437b085dfa" executionId="209f18a5-502f-46a9-8322-9958b6fdaecb" testListId="8c84fa94-04c1-424b-9868-57a2d4851a1d" />
    <TestEntry testId="8a6277c8-9673-2df9-304e-40d5a57ac204" executionId="cf637939-9771-42e1-bbd5-59d01da9b1a5" testListId="8c84fa94-04c1-424b-9868-57a2d4851a1d" />
    <TestEntry testId="b00b8de3-a232-5c13-f763-f9655213c826" executionId="58adaf10-00d8-4514-903e-c65c0ebf2b06" testListId="8c84fa94-04c1-424b-9868-57a2d4851a1d" />
    <TestEntry testId="b342f264-9df3-807c-ce99-6c6e897104ee" executionId="1ae7f783-ff3a-4f0b-8c9e-3b5d2d9ad85c" testListId="8c84fa94-04c1-424b-9868-57a2d4851a1d" />
    <TestEntry testId="bd506b04-302a-9ac6-c456-9c60e08dd706" executionId="9e158e73-fae0-4b43-9776-a006c890efa4" testListId="8c84fa94-04c1-424b-9868-57a2d4851a1d" />
    <TestEntry testId="ce80328c-f6af-3623-2cba-3bf4c84f0d26" executionId="35cbc00e-7c5a-4797-84fa-91d8241a7ba6" testListId="8c84fa94-04c1-424b-9868-57a2d4851a1d" />
    <TestEntry testId="d691d167-395e-77cd-bd5c-db1e0eb70640" executionId="2d10bf64-1d8b-4ae4-a355-fb45de67f6c3" testListId="8c84fa94-04c1-424b-9868-57a2d4851a1d" />
    <TestEntry testId="d9452e47-f6d3-fd21-14d3-de11b83794de" executionId="4370c164-ed76-41e0-8bfb-7a087dcb1308" testListId="8c84fa94-04c1-424b-9868-57a2d4851a1d" />
    <TestEntry testId="db1faccf-a701-0d7d-e8da-06f4be234fc3" executionId="6310bcb9-b089-43cb-bb8e-9384104c38e0" testListId="8c84fa94-04c1-424b-9868-57a2d4851a1d" />
    <TestEntry testId="e9ad4b8e-5f8a-b5e8-e730-e321bc439662" executionId="b2995732-65de-4762-8f7e-07b31ffcae14" testListId="8c84fa94-04c1-424b-9868-57a2d4851a1d" />
    <TestEntry testId="eeab1caf-cb80-c4b9-3fc0-c9d988400c4f" executionId="3d5a0cab-a59b-43a6-a901-6801e0948dfc" testListId="8c84fa94-04c1-424b-9868-57a2d4851a1d" />
    <TestEntry testId="f7f977c7-b1c5-b0a6-f983-8fb2c58ca403" executionId="5e388ec3-67c7-4213-8e5a-c8164549ef1f" testListId="8c84fa94-04c1-424b-9868-57a2d4851a1d" />
    <TestEntry testId="f8e6568f-420f-a5f2-94a0-b241c1aa07ee" executionId="7b8df823-13f2-4f6a-af2b-d89fce950545" testListId="8c84fa94-04c1-424b-9868-57a2d4851a1d" />
  </TestEntries>
  <Results>
    <UnitTestResult executionId="9614ce89-bb21-4a34-a71c-3770f73ba5b7" testId="0d9c70f7-77dc-7cc2-5ad5-e6c93da95a85" testName="GenerateSubsetsTest" computerName="OMAR-PC" duration="00:00:00.0317684" startTime="2012-11-21T23:28:40.5010911+02:00" endTime="2012-11-21T23:28:40.8941136+02:00" testType="13cdc9d9-ddb5-4fa4-a97d-d965ccfc6d4b" outcome="Passed" testListId="8c84fa94-04c1-424b-9868-57a2d4851a1d" relativeResultsDirectory="9614ce89-bb21-4a34-a71c-3770f73ba5b7">
    </UnitTestResult>
    <UnitTestResult executionId="260bd3d1-ded0-40d2-87d3-2d4a602908ba" testId="0f6be0cd-d9b5-1c72-ee7c-4ab1f6302148" testName="DeleteTransactionTest" computerName="OMAR-PC" duration="00:00:00.2186743" startTime="2012-11-21T23:28:40.8981138+02:00" endTime="2012-11-21T23:28:41.1211266+02:00" testType="13cdc9d9-ddb5-4fa4-a97d-d965ccfc6d4b" outcome="Passed" testListId="8c84fa94-04c1-424b-9868-57a2d4851a1d" relativeResultsDirectory="260bd3d1-ded0-40d2-87d3-2d4a602908ba">
    </UnitTestResult>
    <UnitTestResult executionId="6191912d-edb1-4bcb-9501-53984c10b541" testId="11e29e37-ee22-7d4c-b79d-dcd1859ee1d8" testName="GenerateSubsetsRecursiveTest" computerName="OMAR-PC" duration="00:00:00.0016433" startTime="2012-11-21T23:28:41.1231267+02:00" endTime="2012-11-21T23:28:41.1291270+02:00" testType="13cdc9d9-ddb5-4fa4-a97d-d965ccfc6d4b" outcome="Passed" testListId="8c84fa94-04c1-424b-9868-57a2d4851a1d" relativeResultsDirectory="6191912d-edb1-4bcb-9501-53984c10b541">
    </UnitTestResult>
    <UnitTestResult executionId="0187053d-6f7e-44e2-ac65-c5adb3887c47" testId="3c75c560-2942-0354-6ed8-d83a610cc1b4" testName="AddItemTest" computerName="OMAR-PC" duration="00:00:00.0027724" startTime="2012-11-21T23:28:41.1311271+02:00" endTime="2012-11-21T23:28:41.1381275+02:00" testType="13cdc9d9-ddb5-4fa4-a97d-d965ccfc6d4b" outcome="Passed" testListId="8c84fa94-04c1-424b-9868-57a2d4851a1d" relativeResultsDirectory="0187053d-6f7e-44e2-ac65-c5adb3887c47">
    </UnitTestResult>
    <UnitTestResult executionId="d5ead803-58fc-4238-bd5e-3044460b315b" testId="3db3f769-84d0-6e9f-d9cf-0f244a128d3e" testName="GenerateCandidate_DifferentFirstElementTest" computerName="OMAR-PC" duration="00:00:00.0012976" startTime="2012-11-21T23:28:41.1391276+02:00" endTime="2012-11-21T23:28:41.1441279+02:00" testType="13cdc9d9-ddb5-4fa4-a97d-d965ccfc6d4b" outcome="Passed" testListId="8c84fa94-04c1-424b-9868-57a2d4851a1d" relativeResultsDirectory="d5ead803-58fc-4238-bd5e-3044460b315b">
    </UnitTestResult>
    <UnitTestResult executionId="41bbd925-0463-4101-b883-94fab621bc32" testId="47355744-f9b3-7ddf-e694-1d993a4aff04" testName="CheckIsSubsetTest" computerName="OMAR-PC" duration="00:00:00.0011691" startTime="2012-11-21T23:28:41.1461280+02:00" endTime="2012-11-21T23:28:41.1511283+02:00" testType="13cdc9d9-ddb5-4fa4-a97d-d965ccfc6d4b" outcome="Passed" testListId="8c84fa94-04c1-424b-9868-57a2d4851a1d" relativeResultsDirectory="41bbd925-0463-4101-b883-94fab621bc32">
    </UnitTestResult>
    <UnitTestResult executionId="94856fc3-848a-4a0d-a74e-6b9761ac3254" testId="71eed856-c94e-d277-7327-7d975d95ea1d" testName="AddTransactionTest" computerName="OMAR-PC" duration="00:00:00.0162914" startTime="2012-11-21T23:28:41.1531284+02:00" endTime="2012-11-21T23:28:41.1731295+02:00" testType="13cdc9d9-ddb5-4fa4-a97d-d965ccfc6d4b" outcome="Passed" testListId="8c84fa94-04c1-424b-9868-57a2d4851a1d" relativeResultsDirectory="94856fc3-848a-4a0d-a74e-6b9761ac3254">
    </UnitTestResult>
    <UnitTestResult executionId="13d2d99b-e31a-4fc8-b086-7d2111cfae0a" testId="78da8912-693d-a93a-93ce-8018b63f2936" testName="RemoveItemInTransactionTest" computerName="OMAR-PC" duration="00:00:00.0021372" startTime="2012-11-21T23:28:41.1751297+02:00" endTime="2012-11-21T23:28:41.1811300+02:00" testType="13cdc9d9-ddb5-4fa4-a97d-d965ccfc6d4b" outcome="Passed" testListId="8c84fa94-04c1-424b-9868-57a2d4851a1d" relativeResultsDirectory="13d2d99b-e31a-4fc8-b086-7d2111cfae0a">
    </UnitTestResult>
    <UnitTestResult executionId="b6a9cba6-945b-45b3-8f8b-909f5a6c91d4" testId="7aa91dbc-bf30-d8dc-2e2c-67540148b539" testName="GenerateCandidate_SameFirstElementTest" computerName="OMAR-PC" duration="00:00:00.0004888" startTime="2012-11-21T23:28:41.1831301+02:00" endTime="2012-11-21T23:28:41.1881304+02:00" testType="13cdc9d9-ddb5-4fa4-a97d-d965ccfc6d4b" outcome="Passed" testListId="8c84fa94-04c1-424b-9868-57a2d4851a1d" relativeResultsDirectory="b6a9cba6-945b-45b3-8f8b-909f5a6c91d4">
    </UnitTestResult>
    <UnitTestResult executionId="3bdaf8d1-c90a-4824-b41f-c90aafd187d6" testId="7be207c9-5a2c-bada-4c5d-443cebf103df" testName="RemoveItemTest" computerName="OMAR-PC" duration="00:00:00.0013743" startTime="2012-11-21T23:28:41.1891305+02:00" endTime="2012-11-21T23:28:41.1941307+02:00" testType="13cdc9d9-ddb5-4fa4-a97d-d965ccfc6d4b" outcome="Passed" testListId="8c84fa94-04c1-424b-9868-57a2d4851a1d" relativeResultsDirectory="3bdaf8d1-c90a-4824-b41f-c90aafd187d6">
    </UnitTestResult>
    <UnitTestResult executionId="b0319278-3e7e-4356-82c7-2e4f48a984bb" testId="7d0da9b9-0f04-1952-d8cf-da2e5c93727e" testName="CanRemoveItemWhenSelectedItemIsNull" computerName="OMAR-PC" duration="00:00:00.0006594" startTime="2012-11-21T23:28:41.1961309+02:00" endTime="2012-11-21T23:28:41.2001311+02:00" testType="13cdc9d9-ddb5-4fa4-a97d-d965ccfc6d4b" outcome="Passed" testListId="8c84fa94-04c1-424b-9868-57a2d4851a1d" relativeResultsDirectory="b0319278-3e7e-4356-82c7-2e4f48a984bb">
    </UnitTestResult>
    <UnitTestResult executionId="209f18a5-502f-46a9-8322-9958b6fdaecb" testId="806e8973-81b6-8790-7470-23437b085dfa" testName="GenerateCandidatesTest" computerName="OMAR-PC" duration="00:00:00.0034184" startTime="2012-11-21T23:28:41.2021312+02:00" endTime="2012-11-21T23:28:41.2101317+02:00" testType="13cdc9d9-ddb5-4fa4-a97d-d965ccfc6d4b" outcome="Passed" testListId="8c84fa94-04c1-424b-9868-57a2d4851a1d" relativeResultsDirectory="209f18a5-502f-46a9-8322-9958b6fdaecb">
    </UnitTestResult>
    <UnitTestResult executionId="cf637939-9771-42e1-bbd5-59d01da9b1a5" testId="8a6277c8-9673-2df9-304e-40d5a57ac204" testName="CanDeleteTransactionWhenSelectedTransactionIsNull" computerName="OMAR-PC" duration="00:00:00.0005959" startTime="2012-11-21T23:28:41.2121318+02:00" endTime="2012-11-21T23:28:41.2161320+02:00" testType="13cdc9d9-ddb5-4fa4-a97d-d965ccfc6d4b" outcome="Passed" testListId="8c84fa94-04c1-424b-9868-57a2d4851a1d" relativeResultsDirectory="cf637939-9771-42e1-bbd5-59d01da9b1a5">
    </UnitTestResult>
    <UnitTestResult executionId="58adaf10-00d8-4514-903e-c65c0ebf2b06" testId="b00b8de3-a232-5c13-f763-f9655213c826" testName="GetFrequentItemsTest" computerName="OMAR-PC" duration="00:00:00.0036640" startTime="2012-11-21T23:28:41.2181321+02:00" endTime="2012-11-21T23:28:41.2251325+02:00" testType="13cdc9d9-ddb5-4fa4-a97d-d965ccfc6d4b" outcome="Passed" testListId="8c84fa94-04c1-424b-9868-57a2d4851a1d" relativeResultsDirectory="58adaf10-00d8-4514-903e-c65c0ebf2b06">
    </UnitTestResult>
    <UnitTestResult executionId="1ae7f783-ff3a-4f0b-8c9e-3b5d2d9ad85c" testId="b342f264-9df3-807c-ce99-6c6e897104ee" testName="ProcessTransactionTest" computerName="OMAR-PC" duration="00:00:00.0138192" startTime="2012-11-21T23:28:41.2271326+02:00" endTime="2012-11-21T23:28:41.2451337+02:00" testType="13cdc9d9-ddb5-4fa4-a97d-d965ccfc6d4b" outcome="Passed" testListId="8c84fa94-04c1-424b-9868-57a2d4851a1d" relativeResultsDirectory="1ae7f783-ff3a-4f0b-8c9e-3b5d2d9ad85c">
    </UnitTestResult>
    <UnitTestResult executionId="9e158e73-fae0-4b43-9776-a006c890efa4" testId="bd506b04-302a-9ac6-c456-9c60e08dd706" testName="CanAddTransactionWhenNoItemsSelectedTest" computerName="OMAR-PC" duration="00:00:00.0014886" startTime="2012-11-21T23:28:41.2471338+02:00" endTime="2012-11-21T23:28:41.2531341+02:00" testType="13cdc9d9-ddb5-4fa4-a97d-d965ccfc6d4b" outcome="Passed" testListId="8c84fa94-04c1-424b-9868-57a2d4851a1d" relativeResultsDirectory="9e158e73-fae0-4b43-9776-a006c890efa4">
    </UnitTestResult>
    <UnitTestResult executionId="35cbc00e-7c5a-4797-84fa-91d8241a7ba6" testId="ce80328c-f6af-3623-2cba-3bf4c84f0d26" testName="InsertItemTest" computerName="OMAR-PC" duration="00:00:00.0006459" startTime="2012-11-21T23:28:41.2541342+02:00" endTime="2012-11-21T23:28:41.2591345+02:00" testType="13cdc9d9-ddb5-4fa4-a97d-d965ccfc6d4b" outcome="Passed" testListId="8c84fa94-04c1-424b-9868-57a2d4851a1d" relativeResultsDirectory="35cbc00e-7c5a-4797-84fa-91d8241a7ba6">
    </UnitTestResult>
    <UnitTestResult executionId="2d10bf64-1d8b-4ae4-a355-fb45de67f6c3" testId="d691d167-395e-77cd-bd5c-db1e0eb70640" testName="SortTest" computerName="OMAR-PC" duration="00:00:00.0006201" startTime="2012-11-21T23:28:41.2611346+02:00" endTime="2012-11-21T23:28:41.2661349+02:00" testType="13cdc9d9-ddb5-4fa4-a97d-d965ccfc6d4b" outcome="Passed" testListId="8c84fa94-04c1-424b-9868-57a2d4851a1d" relativeResultsDirectory="2d10bf64-1d8b-4ae4-a355-fb45de67f6c3">
    </UnitTestResult>
    <UnitTestResult executionId="4370c164-ed76-41e0-8bfb-7a087dcb1308" testId="d9452e47-f6d3-fd21-14d3-de11b83794de" testName="GetL1FrequentItemsTest" computerName="OMAR-PC" duration="00:00:00.0016661" startTime="2012-11-21T23:28:41.2671349+02:00" endTime="2012-11-21T23:28:41.2731353+02:00" testType="13cdc9d9-ddb5-4fa4-a97d-d965ccfc6d4b" outcome="Passed" testListId="8c84fa94-04c1-424b-9868-57a2d4851a1d" relativeResultsDirectory="4370c164-ed76-41e0-8bfb-7a087dcb1308">
    </UnitTestResult>
    <UnitTestResult executionId="6310bcb9-b089-43cb-bb8e-9384104c38e0" testId="db1faccf-a701-0d7d-e8da-06f4be234fc3" testName="GenerateCandidate_SingleElementsTest" computerName="OMAR-PC" duration="00:00:00.0004912" startTime="2012-11-21T23:28:41.2751354+02:00" endTime="2012-11-21T23:28:41.2791356+02:00" testType="13cdc9d9-ddb5-4fa4-a97d-d965ccfc6d4b" outcome="Passed" testListId="8c84fa94-04c1-424b-9868-57a2d4851a1d" relativeResultsDirectory="6310bcb9-b089-43cb-bb8e-9384104c38e0">
    </UnitTestResult>
    <UnitTestResult executionId="b2995732-65de-4762-8f7e-07b31ffcae14" testId="e9ad4b8e-5f8a-b5e8-e730-e321bc439662" testName="CanAddTransactionTest" computerName="OMAR-PC" duration="00:00:00.0005851" startTime="2012-11-21T23:28:41.2811357+02:00" endTime="2012-11-21T23:28:41.2861360+02:00" testType="13cdc9d9-ddb5-4fa4-a97d-d965ccfc6d4b" outcome="Passed" testListId="8c84fa94-04c1-424b-9868-57a2d4851a1d" relativeResultsDirectory="b2995732-65de-4762-8f7e-07b31ffcae14">
    </UnitTestResult>
    <UnitTestResult executionId="3d5a0cab-a59b-43a6-a901-6801e0948dfc" testId="eeab1caf-cb80-c4b9-3fc0-c9d988400c4f" testName="ProcessTransactionsTest" computerName="OMAR-PC" duration="00:00:00.1255318" startTime="2012-11-21T23:28:41.2881361+02:00" endTime="2012-11-21T23:28:41.4181436+02:00" testType="13cdc9d9-ddb5-4fa4-a97d-d965ccfc6d4b" outcome="Passed" testListId="8c84fa94-04c1-424b-9868-57a2d4851a1d" relativeResultsDirectory="3d5a0cab-a59b-43a6-a901-6801e0948dfc">
    </UnitTestResult>
    <UnitTestResult executionId="5e388ec3-67c7-4213-8e5a-c8164549ef1f" testId="f7f977c7-b1c5-b0a6-f983-8fb2c58ca403" testName="GetSupportTest" computerName="OMAR-PC" duration="00:00:00.0009758" startTime="2012-11-21T23:28:41.4231438+02:00" endTime="2012-11-21T23:28:41.4281441+02:00" testType="13cdc9d9-ddb5-4fa4-a97d-d965ccfc6d4b" outcome="Passed" testListId="8c84fa94-04c1-424b-9868-57a2d4851a1d" relativeResultsDirectory="5e388ec3-67c7-4213-8e5a-c8164549ef1f">
    </UnitTestResult>
    <UnitTestResult executionId="7b8df823-13f2-4f6a-af2b-d89fce950545" testId="f8e6568f-420f-a5f2-94a0-b241c1aa07ee" testName="ClearAllTransactionsTest" computerName="OMAR-PC" duration="00:00:00.0012688" startTime="2012-11-21T23:28:41.4301442+02:00" endTime="2012-11-21T23:28:41.4351445+02:00" testType="13cdc9d9-ddb5-4fa4-a97d-d965ccfc6d4b" outcome="Passed" testListId="8c84fa94-04c1-424b-9868-57a2d4851a1d" relativeResultsDirectory="7b8df823-13f2-4f6a-af2b-d89fce950545">
    </UnitTestResult>
  </Results>
</TestRun>