<?xml version="1.0" encoding="UTF-8"?>
<TestRun id="8d58a521-0c26-421f-af30-c08e5908626a" name="Omar@OMAR-PC 2012-11-22 00:19:29" runUser="Omar-PC\Omar" xmlns="http://microsoft.com/schemas/VisualStudio/TeamTest/2010">
  <TestSettings name="Local" id="eef0e273-97f3-4062-8c3f-615cccc566c4">
    <Description>These are default test settings for a local test run.</Description>
    <Deployment userDeploymentRoot="D:\Git\Apriori Source Code\TestResults" useDefaultDeploymentRoot="false" enabled="false" runDeploymentRoot="Omar_OMAR-PC 2012-11-22 00_19_29">
      <DeploymentItem filename="D:\Git\Apriori Source Code\WPFClient\bin\Debug\WPFClient.exe" />
      <DeploymentItem filename="D:\Git\Apriori Source Code\AprioriAlgorithm\bin\Debug\AprioriAlgorithm.dll" />
      <DeploymentItem filename="D:\Git\Apriori Source Code\References\Moq.dll" />
    </Deployment>
    <Execution>
      <TestTypeSpecific />
      <AgentRule name="Execution Agents">
      </AgentRule>
    </Execution>
  </TestSettings>
  <Times creation="2012-11-22T00:19:29.1924663+02:00" queuing="2012-11-22T00:19:29.2874717+02:00" start="2012-11-22T00:19:29.2974723+02:00" finish="2012-11-22T00:19:29.8255025+02:00" />
  <ResultSummary outcome="Failed">
    <Counters total="1" executed="1" error="0" failed="1" timeout="0" aborted="0" inconclusive="0" passedButRunAborted="0" notRunnable="0" notExecuted="0" disconnected="0" warning="0" passed="0" completed="0" inProgress="0" pending="0" />
  </ResultSummary>
  <TestDefinitions>
    <UnitTest name="ProcessTransactionsTest" storage="d:\git\apriori source code\unittests\bin\debug\unittests.dll" id="eeab1caf-cb80-c4b9-3fc0-c9d988400c4f">
      <Execution id="ace39c23-34ef-499b-bafc-43ea5e5e8264" />
      <TestMethod codeBase="D:/Git/Apriori Source Code/UnitTests/bin/Debug/UnitTests.DLL" adapterTypeName="Microsoft.VisualStudio.TestTools.TestTypes.Unit.UnitTestAdapter, Microsoft.VisualStudio.QualityTools.Tips.UnitTest.Adapter, Version=10.0.0.0, Culture=neutral, PublicKeyToken=b03f5f7f11d50a3a" className="UnitTests.MainViewModelTest, UnitTests, Version=1.0.0.0, Culture=neutral, PublicKeyToken=null" name="ProcessTransactionsTest" />
    </UnitTest>
  </TestDefinitions>
  <TestLists>
    <TestList name="Results Not in a List" id="8c84fa94-04c1-424b-9868-57a2d4851a1d" />
    <TestList name="All Loaded Results" id="19431567-8539-422a-85d7-44ee4e166bda" />
  </TestLists>
  <TestEntries>
    <TestEntry testId="eeab1caf-cb80-c4b9-3fc0-c9d988400c4f" executionId="ace39c23-34ef-499b-bafc-43ea5e5e8264" testListId="8c84fa94-04c1-424b-9868-57a2d4851a1d" />
  </TestEntries>
  <Results>
    <UnitTestResult executionId="ace39c23-34ef-499b-bafc-43ea5e5e8264" testId="eeab1caf-cb80-c4b9-3fc0-c9d988400c4f" testName="ProcessTransactionsTest" computerName="OMAR-PC" duration="00:00:00.3004482" startTime="2012-11-22T00:19:29.3004725+02:00" endTime="2012-11-22T00:19:29.8015011+02:00" testType="13cdc9d9-ddb5-4fa4-a97d-d965ccfc6d4b" outcome="Failed" testListId="8c84fa94-04c1-424b-9868-57a2d4851a1d" relativeResultsDirectory="ace39c23-34ef-499b-bafc-43ea5e5e8264">
      <Output>
        <ErrorInfo>
          <Message>Test method UnitTests.MainViewModelTest.ProcessTransactionsTest threw exception: 
Moq.MockException: 
Expected invocation on the mock once, but was 0 times: a =&gt; a.ProcessTransaction(.target.MinSupport / 100, .target.MinConfidence / 100, .items, .target.Transactions.ToArray&lt;String&gt;())
No setups configured.

Performed invocations:
IApriori.ProcessTransaction(0, 0, System.Linq.Enumerable+WhereSelectEnumerableIterator`2[WPFClient.Item,System.String], System.String[])</Message>
          <StackTrace>    at Moq.Mock.ThrowVerifyException(MethodCall expected, IEnumerable`1 setups, IEnumerable`1 actualCalls, Expression expression, Times times, Int32 callCount)
   at Moq.Mock.VerifyCalls(Interceptor targetInterceptor, MethodCall expected, Expression expression, Times times)
   at Moq.Mock.Verify[T,TResult](Mock mock, Expression`1 expression, Times times, String failMessage)
   at Moq.Mock`1.Verify[TResult](Expression`1 expression, Times times)
   at UnitTests.MainViewModelTest.ProcessTransactionsTest() in D:\Git\Apriori Source Code\UnitTests\UI Tests\MainViewModelTest.cs:line 165
</StackTrace>
        </ErrorInfo>
      </Output>
    </UnitTestResult>
  </Results>
</TestRun>