<?xml version="1.0" encoding="UTF-8"?>
<TestRun id="4682b651-7aca-459e-8882-c8c0b48f5a5e" name="Omar@OMAR-PC 2012-11-22 00:41:35" runUser="Omar-PC\Omar" xmlns="http://microsoft.com/schemas/VisualStudio/TeamTest/2010">
  <TestSettings name="Local" id="eef0e273-97f3-4062-8c3f-615cccc566c4">
    <Description>These are default test settings for a local test run.</Description>
    <Deployment userDeploymentRoot="D:\Git\Apriori Source Code\TestResults" useDefaultDeploymentRoot="false" enabled="false" runDeploymentRoot="Omar_OMAR-PC 2012-11-22 00_41_35">
      <DeploymentItem filename="D:\Git\Apriori Source Code\WPFClient\bin\Debug\WPFClient.exe" />
      <DeploymentItem filename="D:\Git\Apriori Source Code\AprioriAlgorithm\bin\Debug\AprioriAlgorithm.dll" />
      <DeploymentItem filename="D:\Git\Apriori Source Code\References\Moq.dll" />
    </Deployment>
    <Execution>
      <TestTypeSpecific />
      <AgentRule name="Execution Agents">
      </AgentRule>
    </Execution>
  </TestSettings>
  <Times creation="2012-11-22T00:41:35.6763368+02:00" queuing="2012-11-22T00:41:35.7713422+02:00" start="2012-11-22T00:41:35.8073443+02:00" finish="2012-11-22T00:41:36.3733767+02:00" />
  <ResultSummary outcome="Completed">
    <Counters total="1" executed="1" passed="1" error="0" failed="0" timeout="0" aborted="0" inconclusive="0" passedButRunAborted="0" notRunnable="0" notExecuted="0" disconnected="0" warning="0" completed="0" inProgress="0" pending="0" />
  </ResultSummary>
  <TestDefinitions>
    <UnitTest name="ProcessTransactionsTest" storage="d:\git\apriori source code\unittests\bin\debug\unittests.dll" id="eeab1caf-cb80-c4b9-3fc0-c9d988400c4f">
      <Execution id="014ec380-441a-452e-a4f7-2e772c2f4147" />
      <TestMethod codeBase="D:/Git/Apriori Source Code/UnitTests/bin/Debug/UnitTests.DLL" adapterTypeName="Microsoft.VisualStudio.TestTools.TestTypes.Unit.UnitTestAdapter, Microsoft.VisualStudio.QualityTools.Tips.UnitTest.Adapter, Version=10.0.0.0, Culture=neutral, PublicKeyToken=b03f5f7f11d50a3a" className="UnitTests.MainViewModelTest, UnitTests, Version=1.0.0.0, Culture=neutral, PublicKeyToken=null" name="ProcessTransactionsTest" />
    </UnitTest>
  </TestDefinitions>
  <TestLists>
    <TestList name="Results Not in a List" id="8c84fa94-04c1-424b-9868-57a2d4851a1d" />
    <TestList name="All Loaded Results" id="19431567-8539-422a-85d7-44ee4e166bda" />
  </TestLists>
  <TestEntries>
    <TestEntry testId="eeab1caf-cb80-c4b9-3fc0-c9d988400c4f" executionId="014ec380-441a-452e-a4f7-2e772c2f4147" testListId="8c84fa94-04c1-424b-9868-57a2d4851a1d" />
  </TestEntries>
  <Results>
    <UnitTestResult executionId="014ec380-441a-452e-a4f7-2e772c2f4147" testId="eeab1caf-cb80-c4b9-3fc0-c9d988400c4f" testName="ProcessTransactionsTest" computerName="OMAR-PC" duration="00:00:00.3039071" startTime="2012-11-22T00:41:35.8083444+02:00" endTime="2012-11-22T00:41:36.3533755+02:00" testType="13cdc9d9-ddb5-4fa4-a97d-d965ccfc6d4b" outcome="Passed" testListId="8c84fa94-04c1-424b-9868-57a2d4851a1d" relativeResultsDirectory="014ec380-441a-452e-a4f7-2e772c2f4147">
    </UnitTestResult>
  </Results>
</TestRun>