<?xml version="1.0" encoding="UTF-8"?>
<TestRun id="e1a78862-a566-45bc-bed6-486c543ee54e" name="Omar@OMAR-PC 2012-11-21 21:20:21" runUser="Omar-PC\Omar" xmlns="http://microsoft.com/schemas/VisualStudio/TeamTest/2010">
  <TestSettings name="Local" id="eef0e273-97f3-4062-8c3f-615cccc566c4">
    <Description>These are default test settings for a local test run.</Description>
    <Deployment enabled="false" runDeploymentRoot="Omar_OMAR-PC 2012-11-21 21_20_21">
      <DeploymentItem filename="D:\Git\Apriori Source Code\WPFClient\bin\Debug\WPFClient.exe" />
      <DeploymentItem filename="D:\Git\Apriori Source Code\AprioriAlgorithm\bin\Debug\AprioriAlgorithm.dll" />
      <DeploymentItem filename="D:\Git\Apriori Source Code\References\Moq.dll" />
    </Deployment>
    <Execution>
      <TestTypeSpecific />
      <AgentRule name="Execution Agents">
      </AgentRule>
    </Execution>
  </TestSettings>
  <Times creation="2012-11-21T21:20:21.1457132+02:00" queuing="2012-11-21T21:20:23.1858299+02:00" start="2012-11-21T21:20:23.3348384+02:00" finish="2012-11-21T21:20:24.4209005+02:00" />
  <ResultSummary outcome="Failed">
    <Counters total="1" executed="1" error="0" failed="1" timeout="0" aborted="0" inconclusive="0" passedButRunAborted="0" notRunnable="0" notExecuted="0" disconnected="0" warning="0" passed="0" completed="0" inProgress="0" pending="0" />
  </ResultSummary>
  <TestDefinitions>
    <UnitTest name="AddItemExecuteTest" storage="d:\git\apriori source code\unittests\bin\debug\unittests.dll" id="e4b5b745-d301-61c6-2286-c5ac3fbe1f1c">
      <Execution id="d53931dc-c6e6-499b-af8c-2d31fc044db0" />
      <TestMethod codeBase="D:/Git/Apriori Source Code/UnitTests/bin/Debug/UnitTests.DLL" adapterTypeName="Microsoft.VisualStudio.TestTools.TestTypes.Unit.UnitTestAdapter, Microsoft.VisualStudio.QualityTools.Tips.UnitTest.Adapter, Version=10.0.0.0, Culture=neutral, PublicKeyToken=b03f5f7f11d50a3a" className="UnitTests.MainViewModelTest, UnitTests, Version=1.0.0.0, Culture=neutral, PublicKeyToken=null" name="AddItemExecuteTest" />
    </UnitTest>
  </TestDefinitions>
  <TestLists>
    <TestList name="Results Not in a List" id="8c84fa94-04c1-424b-9868-57a2d4851a1d" />
    <TestList name="All Loaded Results" id="19431567-8539-422a-85d7-44ee4e166bda" />
  </TestLists>
  <TestEntries>
    <TestEntry testId="e4b5b745-d301-61c6-2286-c5ac3fbe1f1c" executionId="d53931dc-c6e6-499b-af8c-2d31fc044db0" testListId="8c84fa94-04c1-424b-9868-57a2d4851a1d" />
  </TestEntries>
  <Results>
    <UnitTestResult executionId="d53931dc-c6e6-499b-af8c-2d31fc044db0" testId="e4b5b745-d301-61c6-2286-c5ac3fbe1f1c" testName="AddItemExecuteTest" computerName="OMAR-PC" duration="00:00:00.3719171" startTime="2012-11-21T21:20:23.3958419+02:00" endTime="2012-11-21T21:20:24.3078940+02:00" testType="13cdc9d9-ddb5-4fa4-a97d-d965ccfc6d4b" outcome="Failed" testListId="8c84fa94-04c1-424b-9868-57a2d4851a1d" relativeResultsDirectory="d53931dc-c6e6-499b-af8c-2d31fc044db0">
      <Output>
        <ErrorInfo>
          <Message>Test method UnitTests.MainViewModelTest.AddItemExecuteTest threw exception: 
System.InvalidCastException: Unable to cast object of type 'WPFClient.ObservableSet`1[WPFClient.Item]' to type 'WPFClient.ObservableSet_Accessor`1[WPFClient.Item_Accessor]'.</Message>
          <StackTrace>    at WPFClient.MainViewModel_Accessor.get_Items()
   at UnitTests.MainViewModelTest.AddItemExecuteTest() in D:\Git\Apriori Source Code\UnitTests\MainViewModelTest.cs:line 23
</StackTrace>
        </ErrorInfo>
      </Output>
    </UnitTestResult>
  </Results>
</TestRun>