<?xml version="1.0" encoding="UTF-8"?>
<TestRun id="ab129865-6c57-47b1-83a5-ef71828ed24a" name="Omar@OMAR-PC 2012-11-21 12:47:10" runUser="Omar-PC\Omar" xmlns="http://microsoft.com/schemas/VisualStudio/TeamTest/2010">
  <TestSettings name="Local" id="eef0e273-97f3-4062-8c3f-615cccc566c4">
    <Description>These are default test settings for a local test run.</Description>
    <Deployment enabled="false" runDeploymentRoot="Omar_OMAR-PC 2012-11-21 12_47_10">
      <DeploymentItem filename="D:\Git\Apriori Source Code\AprioriAlgorithm\bin\Debug\AprioriAlgorithm.dll" />
    </Deployment>
    <Execution>
      <TestTypeSpecific />
      <AgentRule name="Execution Agents">
      </AgentRule>
    </Execution>
  </TestSettings>
  <Times creation="2012-11-21T12:47:10.7908545+02:00" queuing="2012-11-21T12:47:10.9778652+02:00" start="2012-11-21T12:47:11.0078669+02:00" finish="2012-11-21T12:47:11.4608928+02:00" />
  <ResultSummary outcome="Completed">
    <Counters total="1" executed="1" passed="1" error="0" failed="0" timeout="0" aborted="0" inconclusive="0" passedButRunAborted="0" notRunnable="0" notExecuted="0" disconnected="0" warning="0" completed="0" inProgress="0" pending="0" />
  </ResultSummary>
  <TestDefinitions>
    <UnitTest name="GenerateCombinationRecursiveTest" storage="d:\git\apriori source code\unittests\bin\debug\unittests.dll" id="30741b83-8ace-0eec-06f6-f79331378a58">
      <Execution id="b20cecd3-abfd-4850-9226-b744650bbede" />
      <TestMethod codeBase="D:/Git/Apriori Source Code/UnitTests/bin/Debug/UnitTests.DLL" adapterTypeName="Microsoft.VisualStudio.TestTools.TestTypes.Unit.UnitTestAdapter, Microsoft.VisualStudio.QualityTools.Tips.UnitTest.Adapter, Version=10.0.0.0, Culture=neutral, PublicKeyToken=b03f5f7f11d50a3a" className="UnitTests.AprioriTest, UnitTests, Version=1.0.0.0, Culture=neutral, PublicKeyToken=null" name="GenerateCombinationRecursiveTest" />
    </UnitTest>
  </TestDefinitions>
  <TestLists>
    <TestList name="Results Not in a List" id="8c84fa94-04c1-424b-9868-57a2d4851a1d" />
    <TestList name="All Loaded Results" id="19431567-8539-422a-85d7-44ee4e166bda" />
  </TestLists>
  <TestEntries>
    <TestEntry testId="30741b83-8ace-0eec-06f6-f79331378a58" executionId="b20cecd3-abfd-4850-9226-b744650bbede" testListId="8c84fa94-04c1-424b-9868-57a2d4851a1d" />
  </TestEntries>
  <Results>
    <UnitTestResult executionId="b20cecd3-abfd-4850-9226-b744650bbede" testId="30741b83-8ace-0eec-06f6-f79331378a58" testName="GenerateCombinationRecursiveTest" computerName="OMAR-PC" duration="00:00:00.0362439" startTime="2012-11-21T12:47:11.0368686+02:00" endTime="2012-11-21T12:47:11.4298911+02:00" testType="13cdc9d9-ddb5-4fa4-a97d-d965ccfc6d4b" outcome="Passed" testListId="8c84fa94-04c1-424b-9868-57a2d4851a1d" relativeResultsDirectory="b20cecd3-abfd-4850-9226-b744650bbede">
    </UnitTestResult>
  </Results>
</TestRun>