<?xml version="1.0" encoding="UTF-8"?>
<TestRun id="b3855e51-64bb-4f45-9bca-74be668ce843" name="Omar@OMAR-PC 2012-11-21 23:59:02" runUser="Omar-PC\Omar" xmlns="http://microsoft.com/schemas/VisualStudio/TeamTest/2010">
  <TestSettings name="Local" id="eef0e273-97f3-4062-8c3f-615cccc566c4">
    <Description>These are default test settings for a local test run.</Description>
    <Deployment enabled="false" runDeploymentRoot="Omar_OMAR-PC 2012-11-21 23_59_02">
      <DeploymentItem filename="D:\Git\Apriori Source Code\WPFClient\bin\Debug\WPFClient.exe" />
      <DeploymentItem filename="D:\Git\Apriori Source Code\AprioriAlgorithm\bin\Debug\AprioriAlgorithm.dll" />
      <DeploymentItem filename="D:\Git\Apriori Source Code\References\Moq.dll" />
    </Deployment>
    <Execution>
      <TestTypeSpecific />
      <AgentRule name="Execution Agents">
      </AgentRule>
    </Execution>
  </TestSettings>
  <Times creation="2012-11-21T23:59:02.5463061+02:00" queuing="2012-11-21T23:59:02.7433174+02:00" start="2012-11-21T23:59:02.7933203+02:00" finish="2012-11-21T23:59:04.0733935+02:00" />
  <ResultSummary outcome="Completed">
    <Counters total="24" executed="24" passed="24" error="0" failed="0" timeout="0" aborted="0" inconclusive="0" passedButRunAborted="0" notRunnable="0" notExecuted="0" disconnected="0" warning="0" completed="0" inProgress="0" pending="0" />
  </ResultSummary>
  <TestDefinitions>
    <UnitTest name="GenerateCandidate_SingleElementsTest" storage="d:\git\apriori source code\unittests\bin\debug\unittests.dll" id="db1faccf-a701-0d7d-e8da-06f4be234fc3">
      <Execution id="c1660ffe-e308-46a6-b2db-0658ff1d585d" />
      <TestMethod codeBase="D:/Git/Apriori Source Code/UnitTests/bin/Debug/UnitTests.DLL" adapterTypeName="Microsoft.VisualStudio.TestTools.TestTypes.Unit.UnitTestAdapter, Microsoft.VisualStudio.QualityTools.Tips.UnitTest.Adapter, Version=10.0.0.0, Culture=neutral, PublicKeyToken=b03f5f7f11d50a3a" className="UnitTests.AprioriTest, UnitTests, Version=1.0.0.0, Culture=neutral, PublicKeyToken=null" name="GenerateCandidate_SingleElementsTest" />
    </UnitTest>
    <UnitTest name="CheckIsSubsetTest" storage="d:\git\apriori source code\unittests\bin\debug\unittests.dll" id="47355744-f9b3-7ddf-e694-1d993a4aff04">
      <Execution id="ac3fe641-899c-445f-a581-5afb8dfc180b" />
      <TestMethod codeBase="D:/Git/Apriori Source Code/UnitTests/bin/Debug/UnitTests.DLL" adapterTypeName="Microsoft.VisualStudio.TestTools.TestTypes.Unit.UnitTestAdapter, Microsoft.VisualStudio.QualityTools.Tips.UnitTest.Adapter, Version=10.0.0.0, Culture=neutral, PublicKeyToken=b03f5f7f11d50a3a" className="UnitTests.AprioriTest, UnitTests, Version=1.0.0.0, Culture=neutral, PublicKeyToken=null" name="CheckIsSubsetTest" />
    </UnitTest>
    <UnitTest name="GenerateSubsetsTest" storage="d:\git\apriori source code\unittests\bin\debug\unittests.dll" id="0d9c70f7-77dc-7cc2-5ad5-e6c93da95a85">
      <Execution id="473a6237-1b6a-452d-9e79-2480dd5dac3f" />
      <TestMethod codeBase="D:/Git/Apriori Source Code/UnitTests/bin/Debug/UnitTests.DLL" adapterTypeName="Microsoft.VisualStudio.TestTools.TestTypes.Unit.UnitTestAdapter, Microsoft.VisualStudio.QualityTools.Tips.UnitTest.Adapter, Version=10.0.0.0, Culture=neutral, PublicKeyToken=b03f5f7f11d50a3a" className="UnitTests.AprioriTest, UnitTests, Version=1.0.0.0, Culture=neutral, PublicKeyToken=null" name="GenerateSubsetsTest" />
    </UnitTest>
    <UnitTest name="GetL1FrequentItemsTest" storage="d:\git\apriori source code\unittests\bin\debug\unittests.dll" id="d9452e47-f6d3-fd21-14d3-de11b83794de">
      <Execution id="12ebc77a-08b3-4e19-8df6-d6bfd8b15b89" />
      <TestMethod codeBase="D:/Git/Apriori Source Code/UnitTests/bin/Debug/UnitTests.DLL" adapterTypeName="Microsoft.VisualStudio.TestTools.TestTypes.Unit.UnitTestAdapter, Microsoft.VisualStudio.QualityTools.Tips.UnitTest.Adapter, Version=10.0.0.0, Culture=neutral, PublicKeyToken=b03f5f7f11d50a3a" className="UnitTests.AprioriTest, UnitTests, Version=1.0.0.0, Culture=neutral, PublicKeyToken=null" name="GetL1FrequentItemsTest" />
    </UnitTest>
    <UnitTest name="GenerateCandidate_SameFirstElementTest" storage="d:\git\apriori source code\unittests\bin\debug\unittests.dll" id="7aa91dbc-bf30-d8dc-2e2c-67540148b539">
      <Execution id="d02fa7a6-7dcc-43fc-86f1-7204fa49cba6" />
      <TestMethod codeBase="D:/Git/Apriori Source Code/UnitTests/bin/Debug/UnitTests.DLL" adapterTypeName="Microsoft.VisualStudio.TestTools.TestTypes.Unit.UnitTestAdapter, Microsoft.VisualStudio.QualityTools.Tips.UnitTest.Adapter, Version=10.0.0.0, Culture=neutral, PublicKeyToken=b03f5f7f11d50a3a" className="UnitTests.AprioriTest, UnitTests, Version=1.0.0.0, Culture=neutral, PublicKeyToken=null" name="GenerateCandidate_SameFirstElementTest" />
    </UnitTest>
    <UnitTest name="DeleteTransactionTest" storage="d:\git\apriori source code\unittests\bin\debug\unittests.dll" id="0f6be0cd-d9b5-1c72-ee7c-4ab1f6302148">
      <Execution id="ff94dcb3-7c54-4a29-a427-7014abed9ef0" />
      <TestMethod codeBase="D:/Git/Apriori Source Code/UnitTests/bin/Debug/UnitTests.DLL" adapterTypeName="Microsoft.VisualStudio.TestTools.TestTypes.Unit.UnitTestAdapter, Microsoft.VisualStudio.QualityTools.Tips.UnitTest.Adapter, Version=10.0.0.0, Culture=neutral, PublicKeyToken=b03f5f7f11d50a3a" className="UnitTests.MainViewModelTest, UnitTests, Version=1.0.0.0, Culture=neutral, PublicKeyToken=null" name="DeleteTransactionTest" />
    </UnitTest>
    <UnitTest name="CanRemoveItemWhenSelectedItemIsNull" storage="d:\git\apriori source code\unittests\bin\debug\unittests.dll" id="7d0da9b9-0f04-1952-d8cf-da2e5c93727e">
      <Execution id="e856f392-2b44-4a1d-b555-707f81e08182" />
      <TestMethod codeBase="D:/Git/Apriori Source Code/UnitTests/bin/Debug/UnitTests.DLL" adapterTypeName="Microsoft.VisualStudio.TestTools.TestTypes.Unit.UnitTestAdapter, Microsoft.VisualStudio.QualityTools.Tips.UnitTest.Adapter, Version=10.0.0.0, Culture=neutral, PublicKeyToken=b03f5f7f11d50a3a" className="UnitTests.MainViewModelTest, UnitTests, Version=1.0.0.0, Culture=neutral, PublicKeyToken=null" name="CanRemoveItemWhenSelectedItemIsNull" />
    </UnitTest>
    <UnitTest name="GenerateCandidate_DifferentFirstElementTest" storage="d:\git\apriori source code\unittests\bin\debug\unittests.dll" id="3db3f769-84d0-6e9f-d9cf-0f244a128d3e">
      <Execution id="690d0d1c-b1d2-4cef-b904-cac26d0eb5a9" />
      <TestMethod codeBase="D:/Git/Apriori Source Code/UnitTests/bin/Debug/UnitTests.DLL" adapterTypeName="Microsoft.VisualStudio.TestTools.TestTypes.Unit.UnitTestAdapter, Microsoft.VisualStudio.QualityTools.Tips.UnitTest.Adapter, Version=10.0.0.0, Culture=neutral, PublicKeyToken=b03f5f7f11d50a3a" className="UnitTests.AprioriTest, UnitTests, Version=1.0.0.0, Culture=neutral, PublicKeyToken=null" name="GenerateCandidate_DifferentFirstElementTest" />
    </UnitTest>
    <UnitTest name="GetFrequentItemsTest" storage="d:\git\apriori source code\unittests\bin\debug\unittests.dll" id="b00b8de3-a232-5c13-f763-f9655213c826">
      <Execution id="cf1dd853-a208-47d0-bf81-91d5db9ece8f" />
      <TestMethod codeBase="D:/Git/Apriori Source Code/UnitTests/bin/Debug/UnitTests.DLL" adapterTypeName="Microsoft.VisualStudio.TestTools.TestTypes.Unit.UnitTestAdapter, Microsoft.VisualStudio.QualityTools.Tips.UnitTest.Adapter, Version=10.0.0.0, Culture=neutral, PublicKeyToken=b03f5f7f11d50a3a" className="UnitTests.AprioriTest, UnitTests, Version=1.0.0.0, Culture=neutral, PublicKeyToken=null" name="GetFrequentItemsTest" />
    </UnitTest>
    <UnitTest name="RemoveItemTest" storage="d:\git\apriori source code\unittests\bin\debug\unittests.dll" id="7be207c9-5a2c-bada-4c5d-443cebf103df">
      <Execution id="e9d25c66-a3b7-45da-963c-9dae0b76ec43" />
      <TestMethod codeBase="D:/Git/Apriori Source Code/UnitTests/bin/Debug/UnitTests.DLL" adapterTypeName="Microsoft.VisualStudio.TestTools.TestTypes.Unit.UnitTestAdapter, Microsoft.VisualStudio.QualityTools.Tips.UnitTest.Adapter, Version=10.0.0.0, Culture=neutral, PublicKeyToken=b03f5f7f11d50a3a" className="UnitTests.MainViewModelTest, UnitTests, Version=1.0.0.0, Culture=neutral, PublicKeyToken=null" name="RemoveItemTest" />
    </UnitTest>
    <UnitTest name="ProcessTransactionsTest" storage="d:\git\apriori source code\unittests\bin\debug\unittests.dll" id="eeab1caf-cb80-c4b9-3fc0-c9d988400c4f">
      <Execution id="c956d596-0549-4928-b5c3-ee33809dc717" />
      <TestMethod codeBase="D:/Git/Apriori Source Code/UnitTests/bin/Debug/UnitTests.DLL" adapterTypeName="Microsoft.VisualStudio.TestTools.TestTypes.Unit.UnitTestAdapter, Microsoft.VisualStudio.QualityTools.Tips.UnitTest.Adapter, Version=10.0.0.0, Culture=neutral, PublicKeyToken=b03f5f7f11d50a3a" className="UnitTests.MainViewModelTest, UnitTests, Version=1.0.0.0, Culture=neutral, PublicKeyToken=null" name="ProcessTransactionsTest" />
    </UnitTest>
    <UnitTest name="ClearAllTransactionsTest" storage="d:\git\apriori source code\unittests\bin\debug\unittests.dll" id="f8e6568f-420f-a5f2-94a0-b241c1aa07ee">
      <Execution id="315dac34-32cc-404a-b88f-0b85108cd4c4" />
      <TestMethod codeBase="D:/Git/Apriori Source Code/UnitTests/bin/Debug/UnitTests.DLL" adapterTypeName="Microsoft.VisualStudio.TestTools.TestTypes.Unit.UnitTestAdapter, Microsoft.VisualStudio.QualityTools.Tips.UnitTest.Adapter, Version=10.0.0.0, Culture=neutral, PublicKeyToken=b03f5f7f11d50a3a" className="UnitTests.MainViewModelTest, UnitTests, Version=1.0.0.0, Culture=neutral, PublicKeyToken=null" name="ClearAllTransactionsTest" />
    </UnitTest>
    <UnitTest name="AddItemTest" storage="d:\git\apriori source code\unittests\bin\debug\unittests.dll" id="3c75c560-2942-0354-6ed8-d83a610cc1b4">
      <Execution id="41382769-51ce-493f-8be8-93d4e1176e63" />
      <TestMethod codeBase="D:/Git/Apriori Source Code/UnitTests/bin/Debug/UnitTests.DLL" adapterTypeName="Microsoft.VisualStudio.TestTools.TestTypes.Unit.UnitTestAdapter, Microsoft.VisualStudio.QualityTools.Tips.UnitTest.Adapter, Version=10.0.0.0, Culture=neutral, PublicKeyToken=b03f5f7f11d50a3a" className="UnitTests.MainViewModelTest, UnitTests, Version=1.0.0.0, Culture=neutral, PublicKeyToken=null" name="AddItemTest" />
    </UnitTest>
    <UnitTest name="AddTransactionTest" storage="d:\git\apriori source code\unittests\bin\debug\unittests.dll" id="71eed856-c94e-d277-7327-7d975d95ea1d">
      <Execution id="0994b8cc-d679-48af-a1b8-eee2ff14e203" />
      <TestMethod codeBase="D:/Git/Apriori Source Code/UnitTests/bin/Debug/UnitTests.DLL" adapterTypeName="Microsoft.VisualStudio.TestTools.TestTypes.Unit.UnitTestAdapter, Microsoft.VisualStudio.QualityTools.Tips.UnitTest.Adapter, Version=10.0.0.0, Culture=neutral, PublicKeyToken=b03f5f7f11d50a3a" className="UnitTests.MainViewModelTest, UnitTests, Version=1.0.0.0, Culture=neutral, PublicKeyToken=null" name="AddTransactionTest" />
    </UnitTest>
    <UnitTest name="CanAddTransactionTest" storage="d:\git\apriori source code\unittests\bin\debug\unittests.dll" id="e9ad4b8e-5f8a-b5e8-e730-e321bc439662">
      <Execution id="48914587-94d4-4507-b2f3-a621bcf3c79e" />
      <TestMethod codeBase="D:/Git/Apriori Source Code/UnitTests/bin/Debug/UnitTests.DLL" adapterTypeName="Microsoft.VisualStudio.TestTools.TestTypes.Unit.UnitTestAdapter, Microsoft.VisualStudio.QualityTools.Tips.UnitTest.Adapter, Version=10.0.0.0, Culture=neutral, PublicKeyToken=b03f5f7f11d50a3a" className="UnitTests.MainViewModelTest, UnitTests, Version=1.0.0.0, Culture=neutral, PublicKeyToken=null" name="CanAddTransactionTest" />
    </UnitTest>
    <UnitTest name="SortTest" storage="d:\git\apriori source code\unittests\bin\debug\unittests.dll" id="d691d167-395e-77cd-bd5c-db1e0eb70640">
      <Execution id="1b9861e9-ad0b-4d73-9dec-438e2598e8d1" />
      <TestMethod codeBase="D:/Git/Apriori Source Code/UnitTests/bin/Debug/UnitTests.DLL" adapterTypeName="Microsoft.VisualStudio.TestTools.TestTypes.Unit.UnitTestAdapter, Microsoft.VisualStudio.QualityTools.Tips.UnitTest.Adapter, Version=10.0.0.0, Culture=neutral, PublicKeyToken=b03f5f7f11d50a3a" className="UnitTests.SorterTest, UnitTests, Version=1.0.0.0, Culture=neutral, PublicKeyToken=null" name="SortTest" />
    </UnitTest>
    <UnitTest name="ProcessTransactionTest" storage="d:\git\apriori source code\unittests\bin\debug\unittests.dll" id="b342f264-9df3-807c-ce99-6c6e897104ee">
      <Execution id="ba823f8d-3008-4d0b-bb77-8aeabd497b09" />
      <TestMethod codeBase="D:/Git/Apriori Source Code/UnitTests/bin/Debug/UnitTests.DLL" adapterTypeName="Microsoft.VisualStudio.TestTools.TestTypes.Unit.UnitTestAdapter, Microsoft.VisualStudio.QualityTools.Tips.UnitTest.Adapter, Version=10.0.0.0, Culture=neutral, PublicKeyToken=b03f5f7f11d50a3a" className="UnitTests.AprioriTest, UnitTests, Version=1.0.0.0, Culture=neutral, PublicKeyToken=null" name="ProcessTransactionTest" />
    </UnitTest>
    <UnitTest name="GenerateCandidatesTest" storage="d:\git\apriori source code\unittests\bin\debug\unittests.dll" id="806e8973-81b6-8790-7470-23437b085dfa">
      <Execution id="4c93db8c-dedb-4b73-9fa2-0b6add56af3b" />
      <TestMethod codeBase="D:/Git/Apriori Source Code/UnitTests/bin/Debug/UnitTests.DLL" adapterTypeName="Microsoft.VisualStudio.TestTools.TestTypes.Unit.UnitTestAdapter, Microsoft.VisualStudio.QualityTools.Tips.UnitTest.Adapter, Version=10.0.0.0, Culture=neutral, PublicKeyToken=b03f5f7f11d50a3a" className="UnitTests.AprioriTest, UnitTests, Version=1.0.0.0, Culture=neutral, PublicKeyToken=null" name="GenerateCandidatesTest" />
    </UnitTest>
    <UnitTest name="GenerateSubsetsRecursiveTest" storage="d:\git\apriori source code\unittests\bin\debug\unittests.dll" id="11e29e37-ee22-7d4c-b79d-dcd1859ee1d8">
      <Execution id="30ad374d-22bd-4543-9387-c91e7f63a9ba" />
      <TestMethod codeBase="D:/Git/Apriori Source Code/UnitTests/bin/Debug/UnitTests.DLL" adapterTypeName="Microsoft.VisualStudio.TestTools.TestTypes.Unit.UnitTestAdapter, Microsoft.VisualStudio.QualityTools.Tips.UnitTest.Adapter, Version=10.0.0.0, Culture=neutral, PublicKeyToken=b03f5f7f11d50a3a" className="UnitTests.AprioriTest, UnitTests, Version=1.0.0.0, Culture=neutral, PublicKeyToken=null" name="GenerateSubsetsRecursiveTest" />
    </UnitTest>
    <UnitTest name="CanDeleteTransactionWhenSelectedTransactionIsNull" storage="d:\git\apriori source code\unittests\bin\debug\unittests.dll" id="8a6277c8-9673-2df9-304e-40d5a57ac204">
      <Execution id="a566e3dd-2031-46cf-822a-d974ff499544" />
      <TestMethod codeBase="D:/Git/Apriori Source Code/UnitTests/bin/Debug/UnitTests.DLL" adapterTypeName="Microsoft.VisualStudio.TestTools.TestTypes.Unit.UnitTestAdapter, Microsoft.VisualStudio.QualityTools.Tips.UnitTest.Adapter, Version=10.0.0.0, Culture=neutral, PublicKeyToken=b03f5f7f11d50a3a" className="UnitTests.MainViewModelTest, UnitTests, Version=1.0.0.0, Culture=neutral, PublicKeyToken=null" name="CanDeleteTransactionWhenSelectedTransactionIsNull" />
    </UnitTest>
    <UnitTest name="InsertItemTest" storage="d:\git\apriori source code\unittests\bin\debug\unittests.dll" id="ce80328c-f6af-3623-2cba-3bf4c84f0d26">
      <Execution id="dd250814-95bc-4a6d-b210-55893c4999aa" />
      <TestMethod codeBase="D:/Git/Apriori Source Code/UnitTests/bin/Debug/UnitTests.DLL" adapterTypeName="Microsoft.VisualStudio.TestTools.TestTypes.Unit.UnitTestAdapter, Microsoft.VisualStudio.QualityTools.Tips.UnitTest.Adapter, Version=10.0.0.0, Culture=neutral, PublicKeyToken=b03f5f7f11d50a3a" className="UnitTests.ObservableSetTest, UnitTests, Version=1.0.0.0, Culture=neutral, PublicKeyToken=null" name="InsertItemTest" />
    </UnitTest>
    <UnitTest name="GetSupportTest" storage="d:\git\apriori source code\unittests\bin\debug\unittests.dll" id="f7f977c7-b1c5-b0a6-f983-8fb2c58ca403">
      <Execution id="5f798f90-373c-4f95-808c-59d945035f19" />
      <TestMethod codeBase="D:/Git/Apriori Source Code/UnitTests/bin/Debug/UnitTests.DLL" adapterTypeName="Microsoft.VisualStudio.TestTools.TestTypes.Unit.UnitTestAdapter, Microsoft.VisualStudio.QualityTools.Tips.UnitTest.Adapter, Version=10.0.0.0, Culture=neutral, PublicKeyToken=b03f5f7f11d50a3a" className="UnitTests.AprioriTest, UnitTests, Version=1.0.0.0, Culture=neutral, PublicKeyToken=null" name="GetSupportTest" />
    </UnitTest>
    <UnitTest name="CanAddTransactionWhenNoItemsSelectedTest" storage="d:\git\apriori source code\unittests\bin\debug\unittests.dll" id="bd506b04-302a-9ac6-c456-9c60e08dd706">
      <Execution id="39770aaf-4c21-4230-abdd-2cbeb5c1f40f" />
      <TestMethod codeBase="D:/Git/Apriori Source Code/UnitTests/bin/Debug/UnitTests.DLL" adapterTypeName="Microsoft.VisualStudio.TestTools.TestTypes.Unit.UnitTestAdapter, Microsoft.VisualStudio.QualityTools.Tips.UnitTest.Adapter, Version=10.0.0.0, Culture=neutral, PublicKeyToken=b03f5f7f11d50a3a" className="UnitTests.MainViewModelTest, UnitTests, Version=1.0.0.0, Culture=neutral, PublicKeyToken=null" name="CanAddTransactionWhenNoItemsSelectedTest" />
    </UnitTest>
    <UnitTest name="RemoveItemInTransactionTest" storage="d:\git\apriori source code\unittests\bin\debug\unittests.dll" id="78da8912-693d-a93a-93ce-8018b63f2936">
      <Execution id="b667260d-e2df-487e-972d-fc49f4256228" />
      <TestMethod codeBase="D:/Git/Apriori Source Code/UnitTests/bin/Debug/UnitTests.DLL" adapterTypeName="Microsoft.VisualStudio.TestTools.TestTypes.Unit.UnitTestAdapter, Microsoft.VisualStudio.QualityTools.Tips.UnitTest.Adapter, Version=10.0.0.0, Culture=neutral, PublicKeyToken=b03f5f7f11d50a3a" className="UnitTests.MainViewModelTest, UnitTests, Version=1.0.0.0, Culture=neutral, PublicKeyToken=null" name="RemoveItemInTransactionTest" />
    </UnitTest>
  </TestDefinitions>
  <TestLists>
    <TestList name="Results Not in a List" id="8c84fa94-04c1-424b-9868-57a2d4851a1d" />
    <TestList name="All Loaded Results" id="19431567-8539-422a-85d7-44ee4e166bda" />
  </TestLists>
  <TestEntries>
    <TestEntry testId="0d9c70f7-77dc-7cc2-5ad5-e6c93da95a85" executionId="473a6237-1b6a-452d-9e79-2480dd5dac3f" testListId="8c84fa94-04c1-424b-9868-57a2d4851a1d" />
    <TestEntry testId="0f6be0cd-d9b5-1c72-ee7c-4ab1f6302148" executionId="ff94dcb3-7c54-4a29-a427-7014abed9ef0" testListId="8c84fa94-04c1-424b-9868-57a2d4851a1d" />
    <TestEntry testId="11e29e37-ee22-7d4c-b79d-dcd1859ee1d8" executionId="30ad374d-22bd-4543-9387-c91e7f63a9ba" testListId="8c84fa94-04c1-424b-9868-57a2d4851a1d" />
    <TestEntry testId="3c75c560-2942-0354-6ed8-d83a610cc1b4" executionId="41382769-51ce-493f-8be8-93d4e1176e63" testListId="8c84fa94-04c1-424b-9868-57a2d4851a1d" />
    <TestEntry testId="3db3f769-84d0-6e9f-d9cf-0f244a128d3e" executionId="690d0d1c-b1d2-4cef-b904-cac26d0eb5a9" testListId="8c84fa94-04c1-424b-9868-57a2d4851a1d" />
    <TestEntry testId="47355744-f9b3-7ddf-e694-1d993a4aff04" executionId="ac3fe641-899c-445f-a581-5afb8dfc180b" testListId="8c84fa94-04c1-424b-9868-57a2d4851a1d" />
    <TestEntry testId="71eed856-c94e-d277-7327-7d975d95ea1d" executionId="0994b8cc-d679-48af-a1b8-eee2ff14e203" testListId="8c84fa94-04c1-424b-9868-57a2d4851a1d" />
    <TestEntry testId="78da8912-693d-a93a-93ce-8018b63f2936" executionId="b667260d-e2df-487e-972d-fc49f4256228" testListId="8c84fa94-04c1-424b-9868-57a2d4851a1d" />
    <TestEntry testId="7aa91dbc-bf30-d8dc-2e2c-67540148b539" executionId="d02fa7a6-7dcc-43fc-86f1-7204fa49cba6" testListId="8c84fa94-04c1-424b-9868-57a2d4851a1d" />
    <TestEntry testId="7be207c9-5a2c-bada-4c5d-443cebf103df" executionId="e9d25c66-a3b7-45da-963c-9dae0b76ec43" testListId="8c84fa94-04c1-424b-9868-57a2d4851a1d" />
    <TestEntry testId="7d0da9b9-0f04-1952-d8cf-da2e5c93727e" executionId="e856f392-2b44-4a1d-b555-707f81e08182" testListId="8c84fa94-04c1-424b-9868-57a2d4851a1d" />
    <TestEntry testId="806e8973-81b6-8790-7470-23437b085dfa" executionId="4c93db8c-dedb-4b73-9fa2-0b6add56af3b" testListId="8c84fa94-04c1-424b-9868-57a2d4851a1d" />
    <TestEntry testId="8a6277c8-9673-2df9-304e-40d5a57ac204" executionId="a566e3dd-2031-46cf-822a-d974ff499544" testListId="8c84fa94-04c1-424b-9868-57a2d4851a1d" />
    <TestEntry testId="b00b8de3-a232-5c13-f763-f9655213c826" executionId="cf1dd853-a208-47d0-bf81-91d5db9ece8f" testListId="8c84fa94-04c1-424b-9868-57a2d4851a1d" />
    <TestEntry testId="b342f264-9df3-807c-ce99-6c6e897104ee" executionId="ba823f8d-3008-4d0b-bb77-8aeabd497b09" testListId="8c84fa94-04c1-424b-9868-57a2d4851a1d" />
    <TestEntry testId="bd506b04-302a-9ac6-c456-9c60e08dd706" executionId="39770aaf-4c21-4230-abdd-2cbeb5c1f40f" testListId="8c84fa94-04c1-424b-9868-57a2d4851a1d" />
    <TestEntry testId="ce80328c-f6af-3623-2cba-3bf4c84f0d26" executionId="dd250814-95bc-4a6d-b210-55893c4999aa" testListId="8c84fa94-04c1-424b-9868-57a2d4851a1d" />
    <TestEntry testId="d691d167-395e-77cd-bd5c-db1e0eb70640" executionId="1b9861e9-ad0b-4d73-9dec-438e2598e8d1" testListId="8c84fa94-04c1-424b-9868-57a2d4851a1d" />
    <TestEntry testId="d9452e47-f6d3-fd21-14d3-de11b83794de" executionId="12ebc77a-08b3-4e19-8df6-d6bfd8b15b89" testListId="8c84fa94-04c1-424b-9868-57a2d4851a1d" />
    <TestEntry testId="db1faccf-a701-0d7d-e8da-06f4be234fc3" executionId="c1660ffe-e308-46a6-b2db-0658ff1d585d" testListId="8c84fa94-04c1-424b-9868-57a2d4851a1d" />
    <TestEntry testId="e9ad4b8e-5f8a-b5e8-e730-e321bc439662" executionId="48914587-94d4-4507-b2f3-a621bcf3c79e" testListId="8c84fa94-04c1-424b-9868-57a2d4851a1d" />
    <TestEntry testId="eeab1caf-cb80-c4b9-3fc0-c9d988400c4f" executionId="c956d596-0549-4928-b5c3-ee33809dc717" testListId="8c84fa94-04c1-424b-9868-57a2d4851a1d" />
    <TestEntry testId="f7f977c7-b1c5-b0a6-f983-8fb2c58ca403" executionId="5f798f90-373c-4f95-808c-59d945035f19" testListId="8c84fa94-04c1-424b-9868-57a2d4851a1d" />
    <TestEntry testId="f8e6568f-420f-a5f2-94a0-b241c1aa07ee" executionId="315dac34-32cc-404a-b88f-0b85108cd4c4" testListId="8c84fa94-04c1-424b-9868-57a2d4851a1d" />
  </TestEntries>
  <Results>
    <UnitTestResult executionId="473a6237-1b6a-452d-9e79-2480dd5dac3f" testId="0d9c70f7-77dc-7cc2-5ad5-e6c93da95a85" testName="GenerateSubsetsTest" computerName="OMAR-PC" duration="00:00:00.0389656" startTime="2012-11-21T23:59:02.8053209+02:00" endTime="2012-11-21T23:59:03.1683417+02:00" testType="13cdc9d9-ddb5-4fa4-a97d-d965ccfc6d4b" outcome="Passed" testListId="8c84fa94-04c1-424b-9868-57a2d4851a1d" relativeResultsDirectory="473a6237-1b6a-452d-9e79-2480dd5dac3f">
    </UnitTestResult>
    <UnitTestResult executionId="ff94dcb3-7c54-4a29-a427-7014abed9ef0" testId="0f6be0cd-d9b5-1c72-ee7c-4ab1f6302148" testName="DeleteTransactionTest" computerName="OMAR-PC" duration="00:00:00.2240545" startTime="2012-11-21T23:59:03.1713419+02:00" endTime="2012-11-21T23:59:03.4003550+02:00" testType="13cdc9d9-ddb5-4fa4-a97d-d965ccfc6d4b" outcome="Passed" testListId="8c84fa94-04c1-424b-9868-57a2d4851a1d" relativeResultsDirectory="ff94dcb3-7c54-4a29-a427-7014abed9ef0">
    </UnitTestResult>
    <UnitTestResult executionId="30ad374d-22bd-4543-9387-c91e7f63a9ba" testId="11e29e37-ee22-7d4c-b79d-dcd1859ee1d8" testName="GenerateSubsetsRecursiveTest" computerName="OMAR-PC" duration="00:00:00.0017735" startTime="2012-11-21T23:59:03.4023551+02:00" endTime="2012-11-21T23:59:03.4083554+02:00" testType="13cdc9d9-ddb5-4fa4-a97d-d965ccfc6d4b" outcome="Passed" testListId="8c84fa94-04c1-424b-9868-57a2d4851a1d" relativeResultsDirectory="30ad374d-22bd-4543-9387-c91e7f63a9ba">
    </UnitTestResult>
    <UnitTestResult executionId="41382769-51ce-493f-8be8-93d4e1176e63" testId="3c75c560-2942-0354-6ed8-d83a610cc1b4" testName="AddItemTest" computerName="OMAR-PC" duration="00:00:00.0030315" startTime="2012-11-21T23:59:03.4103556+02:00" endTime="2012-11-21T23:59:03.4173560+02:00" testType="13cdc9d9-ddb5-4fa4-a97d-d965ccfc6d4b" outcome="Passed" testListId="8c84fa94-04c1-424b-9868-57a2d4851a1d" relativeResultsDirectory="41382769-51ce-493f-8be8-93d4e1176e63">
    </UnitTestResult>
    <UnitTestResult executionId="690d0d1c-b1d2-4cef-b904-cac26d0eb5a9" testId="3db3f769-84d0-6e9f-d9cf-0f244a128d3e" testName="GenerateCandidate_DifferentFirstElementTest" computerName="OMAR-PC" duration="00:00:00.0013496" startTime="2012-11-21T23:59:03.4183560+02:00" endTime="2012-11-21T23:59:03.4243564+02:00" testType="13cdc9d9-ddb5-4fa4-a97d-d965ccfc6d4b" outcome="Passed" testListId="8c84fa94-04c1-424b-9868-57a2d4851a1d" relativeResultsDirectory="690d0d1c-b1d2-4cef-b904-cac26d0eb5a9">
    </UnitTestResult>
    <UnitTestResult executionId="ac3fe641-899c-445f-a581-5afb8dfc180b" testId="47355744-f9b3-7ddf-e694-1d993a4aff04" testName="CheckIsSubsetTest" computerName="OMAR-PC" duration="00:00:00.0015767" startTime="2012-11-21T23:59:03.4263565+02:00" endTime="2012-11-21T23:59:03.4323568+02:00" testType="13cdc9d9-ddb5-4fa4-a97d-d965ccfc6d4b" outcome="Passed" testListId="8c84fa94-04c1-424b-9868-57a2d4851a1d" relativeResultsDirectory="ac3fe641-899c-445f-a581-5afb8dfc180b">
    </UnitTestResult>
    <UnitTestResult executionId="0994b8cc-d679-48af-a1b8-eee2ff14e203" testId="71eed856-c94e-d277-7327-7d975d95ea1d" testName="AddTransactionTest" computerName="OMAR-PC" duration="00:00:00.0030850" startTime="2012-11-21T23:59:03.4343569+02:00" endTime="2012-11-21T23:59:03.4413573+02:00" testType="13cdc9d9-ddb5-4fa4-a97d-d965ccfc6d4b" outcome="Passed" testListId="8c84fa94-04c1-424b-9868-57a2d4851a1d" relativeResultsDirectory="0994b8cc-d679-48af-a1b8-eee2ff14e203">
    </UnitTestResult>
    <UnitTestResult executionId="b667260d-e2df-487e-972d-fc49f4256228" testId="78da8912-693d-a93a-93ce-8018b63f2936" testName="RemoveItemInTransactionTest" computerName="OMAR-PC" duration="00:00:00.0027813" startTime="2012-11-21T23:59:03.4433574+02:00" endTime="2012-11-21T23:59:03.4503578+02:00" testType="13cdc9d9-ddb5-4fa4-a97d-d965ccfc6d4b" outcome="Passed" testListId="8c84fa94-04c1-424b-9868-57a2d4851a1d" relativeResultsDirectory="b667260d-e2df-487e-972d-fc49f4256228">
    </UnitTestResult>
    <UnitTestResult executionId="d02fa7a6-7dcc-43fc-86f1-7204fa49cba6" testId="7aa91dbc-bf30-d8dc-2e2c-67540148b539" testName="GenerateCandidate_SameFirstElementTest" computerName="OMAR-PC" duration="00:00:00.0006459" startTime="2012-11-21T23:59:03.4523580+02:00" endTime="2012-11-21T23:59:03.4573582+02:00" testType="13cdc9d9-ddb5-4fa4-a97d-d965ccfc6d4b" outcome="Passed" testListId="8c84fa94-04c1-424b-9868-57a2d4851a1d" relativeResultsDirectory="d02fa7a6-7dcc-43fc-86f1-7204fa49cba6">
    </UnitTestResult>
    <UnitTestResult executionId="e9d25c66-a3b7-45da-963c-9dae0b76ec43" testId="7be207c9-5a2c-bada-4c5d-443cebf103df" testName="RemoveItemTest" computerName="OMAR-PC" duration="00:00:00.0019244" startTime="2012-11-21T23:59:03.4593584+02:00" endTime="2012-11-21T23:59:03.4663588+02:00" testType="13cdc9d9-ddb5-4fa4-a97d-d965ccfc6d4b" outcome="Passed" testListId="8c84fa94-04c1-424b-9868-57a2d4851a1d" relativeResultsDirectory="e9d25c66-a3b7-45da-963c-9dae0b76ec43">
    </UnitTestResult>
    <UnitTestResult executionId="e856f392-2b44-4a1d-b555-707f81e08182" testId="7d0da9b9-0f04-1952-d8cf-da2e5c93727e" testName="CanRemoveItemWhenSelectedItemIsNull" computerName="OMAR-PC" duration="00:00:00.0008642" startTime="2012-11-21T23:59:03.4683589+02:00" endTime="2012-11-21T23:59:03.4733592+02:00" testType="13cdc9d9-ddb5-4fa4-a97d-d965ccfc6d4b" outcome="Passed" testListId="8c84fa94-04c1-424b-9868-57a2d4851a1d" relativeResultsDirectory="e856f392-2b44-4a1d-b555-707f81e08182">
    </UnitTestResult>
    <UnitTestResult executionId="4c93db8c-dedb-4b73-9fa2-0b6add56af3b" testId="806e8973-81b6-8790-7470-23437b085dfa" testName="GenerateCandidatesTest" computerName="OMAR-PC" duration="00:00:00.0035427" startTime="2012-11-21T23:59:03.4743592+02:00" endTime="2012-11-21T23:59:03.4813596+02:00" testType="13cdc9d9-ddb5-4fa4-a97d-d965ccfc6d4b" outcome="Passed" testListId="8c84fa94-04c1-424b-9868-57a2d4851a1d" relativeResultsDirectory="4c93db8c-dedb-4b73-9fa2-0b6add56af3b">
    </UnitTestResult>
    <UnitTestResult executionId="a566e3dd-2031-46cf-822a-d974ff499544" testId="8a6277c8-9673-2df9-304e-40d5a57ac204" testName="CanDeleteTransactionWhenSelectedTransactionIsNull" computerName="OMAR-PC" duration="00:00:00.0004357" startTime="2012-11-21T23:59:03.4823597+02:00" endTime="2012-11-21T23:59:03.4853598+02:00" testType="13cdc9d9-ddb5-4fa4-a97d-d965ccfc6d4b" outcome="Passed" testListId="8c84fa94-04c1-424b-9868-57a2d4851a1d" relativeResultsDirectory="a566e3dd-2031-46cf-822a-d974ff499544">
    </UnitTestResult>
    <UnitTestResult executionId="cf1dd853-a208-47d0-bf81-91d5db9ece8f" testId="b00b8de3-a232-5c13-f763-f9655213c826" testName="GetFrequentItemsTest" computerName="OMAR-PC" duration="00:00:00.0030477" startTime="2012-11-21T23:59:03.4863599+02:00" endTime="2012-11-21T23:59:03.4913602+02:00" testType="13cdc9d9-ddb5-4fa4-a97d-d965ccfc6d4b" outcome="Passed" testListId="8c84fa94-04c1-424b-9868-57a2d4851a1d" relativeResultsDirectory="cf1dd853-a208-47d0-bf81-91d5db9ece8f">
    </UnitTestResult>
    <UnitTestResult executionId="ba823f8d-3008-4d0b-bb77-8aeabd497b09" testId="b342f264-9df3-807c-ce99-6c6e897104ee" testName="ProcessTransactionTest" computerName="OMAR-PC" duration="00:00:00.0095439" startTime="2012-11-21T23:59:03.4923602+02:00" endTime="2012-11-21T23:59:03.5043609+02:00" testType="13cdc9d9-ddb5-4fa4-a97d-d965ccfc6d4b" outcome="Passed" testListId="8c84fa94-04c1-424b-9868-57a2d4851a1d" relativeResultsDirectory="ba823f8d-3008-4d0b-bb77-8aeabd497b09">
    </UnitTestResult>
    <UnitTestResult executionId="39770aaf-4c21-4230-abdd-2cbeb5c1f40f" testId="bd506b04-302a-9ac6-c456-9c60e08dd706" testName="CanAddTransactionWhenNoItemsSelectedTest" computerName="OMAR-PC" duration="00:00:00.0010370" startTime="2012-11-21T23:59:03.5053610+02:00" endTime="2012-11-21T23:59:03.5123614+02:00" testType="13cdc9d9-ddb5-4fa4-a97d-d965ccfc6d4b" outcome="Passed" testListId="8c84fa94-04c1-424b-9868-57a2d4851a1d" relativeResultsDirectory="39770aaf-4c21-4230-abdd-2cbeb5c1f40f">
    </UnitTestResult>
    <UnitTestResult executionId="dd250814-95bc-4a6d-b210-55893c4999aa" testId="ce80328c-f6af-3623-2cba-3bf4c84f0d26" testName="InsertItemTest" computerName="OMAR-PC" duration="00:00:00.0005327" startTime="2012-11-21T23:59:03.5133614+02:00" endTime="2012-11-21T23:59:03.5173617+02:00" testType="13cdc9d9-ddb5-4fa4-a97d-d965ccfc6d4b" outcome="Passed" testListId="8c84fa94-04c1-424b-9868-57a2d4851a1d" relativeResultsDirectory="dd250814-95bc-4a6d-b210-55893c4999aa">
    </UnitTestResult>
    <UnitTestResult executionId="1b9861e9-ad0b-4d73-9dec-438e2598e8d1" testId="d691d167-395e-77cd-bd5c-db1e0eb70640" testName="SortTest" computerName="OMAR-PC" duration="00:00:00.0003899" startTime="2012-11-21T23:59:03.5183617+02:00" endTime="2012-11-21T23:59:03.5213619+02:00" testType="13cdc9d9-ddb5-4fa4-a97d-d965ccfc6d4b" outcome="Passed" testListId="8c84fa94-04c1-424b-9868-57a2d4851a1d" relativeResultsDirectory="1b9861e9-ad0b-4d73-9dec-438e2598e8d1">
    </UnitTestResult>
    <UnitTestResult executionId="12ebc77a-08b3-4e19-8df6-d6bfd8b15b89" testId="d9452e47-f6d3-fd21-14d3-de11b83794de" testName="GetL1FrequentItemsTest" computerName="OMAR-PC" duration="00:00:00.0011972" startTime="2012-11-21T23:59:03.5223620+02:00" endTime="2012-11-21T23:59:03.5253621+02:00" testType="13cdc9d9-ddb5-4fa4-a97d-d965ccfc6d4b" outcome="Passed" testListId="8c84fa94-04c1-424b-9868-57a2d4851a1d" relativeResultsDirectory="12ebc77a-08b3-4e19-8df6-d6bfd8b15b89">
    </UnitTestResult>
    <UnitTestResult executionId="c1660ffe-e308-46a6-b2db-0658ff1d585d" testId="db1faccf-a701-0d7d-e8da-06f4be234fc3" testName="GenerateCandidate_SingleElementsTest" computerName="OMAR-PC" duration="00:00:00.0003826" startTime="2012-11-21T23:59:03.5263622+02:00" endTime="2012-11-21T23:59:03.5293624+02:00" testType="13cdc9d9-ddb5-4fa4-a97d-d965ccfc6d4b" outcome="Passed" testListId="8c84fa94-04c1-424b-9868-57a2d4851a1d" relativeResultsDirectory="c1660ffe-e308-46a6-b2db-0658ff1d585d">
    </UnitTestResult>
    <UnitTestResult executionId="48914587-94d4-4507-b2f3-a621bcf3c79e" testId="e9ad4b8e-5f8a-b5e8-e730-e321bc439662" testName="CanAddTransactionTest" computerName="OMAR-PC" duration="00:00:00.0005397" startTime="2012-11-21T23:59:03.5303624+02:00" endTime="2012-11-21T23:59:03.5333626+02:00" testType="13cdc9d9-ddb5-4fa4-a97d-d965ccfc6d4b" outcome="Passed" testListId="8c84fa94-04c1-424b-9868-57a2d4851a1d" relativeResultsDirectory="48914587-94d4-4507-b2f3-a621bcf3c79e">
    </UnitTestResult>
    <UnitTestResult executionId="c956d596-0549-4928-b5c3-ee33809dc717" testId="eeab1caf-cb80-c4b9-3fc0-c9d988400c4f" testName="ProcessTransactionsTest" computerName="OMAR-PC" duration="00:00:00.4643498" startTime="2012-11-21T23:59:03.5343626+02:00" endTime="2012-11-21T23:59:04.0013894+02:00" testType="13cdc9d9-ddb5-4fa4-a97d-d965ccfc6d4b" outcome="Passed" testListId="8c84fa94-04c1-424b-9868-57a2d4851a1d" relativeResultsDirectory="c956d596-0549-4928-b5c3-ee33809dc717">
    </UnitTestResult>
    <UnitTestResult executionId="5f798f90-373c-4f95-808c-59d945035f19" testId="f7f977c7-b1c5-b0a6-f983-8fb2c58ca403" testName="GetSupportTest" computerName="OMAR-PC" duration="00:00:00.0013261" startTime="2012-11-21T23:59:04.0053896+02:00" endTime="2012-11-21T23:59:04.0123900+02:00" testType="13cdc9d9-ddb5-4fa4-a97d-d965ccfc6d4b" outcome="Passed" testListId="8c84fa94-04c1-424b-9868-57a2d4851a1d" relativeResultsDirectory="5f798f90-373c-4f95-808c-59d945035f19">
    </UnitTestResult>
    <UnitTestResult executionId="315dac34-32cc-404a-b88f-0b85108cd4c4" testId="f8e6568f-420f-a5f2-94a0-b241c1aa07ee" testName="ClearAllTransactionsTest" computerName="OMAR-PC" duration="00:00:00.0022200" startTime="2012-11-21T23:59:04.0183903+02:00" endTime="2012-11-21T23:59:04.0303910+02:00" testType="13cdc9d9-ddb5-4fa4-a97d-d965ccfc6d4b" outcome="Passed" testListId="8c84fa94-04c1-424b-9868-57a2d4851a1d" relativeResultsDirectory="315dac34-32cc-404a-b88f-0b85108cd4c4">
    </UnitTestResult>
  </Results>
</TestRun>