<?xml version="1.0" encoding="UTF-8"?>
<TestRun id="e11032e9-0f1e-4042-8a11-48a4c0e62db6" name="Omar@OMAR-PC 2012-11-22 00:22:02" runUser="Omar-PC\Omar" xmlns="http://microsoft.com/schemas/VisualStudio/TeamTest/2010">
  <TestSettings name="Local" id="eef0e273-97f3-4062-8c3f-615cccc566c4">
    <Description>These are default test settings for a local test run.</Description>
    <Deployment userDeploymentRoot="D:\Git\Apriori Source Code\TestResults" useDefaultDeploymentRoot="false" enabled="false" runDeploymentRoot="Omar_OMAR-PC 2012-11-22 00_22_02">
      <DeploymentItem filename="D:\Git\Apriori Source Code\WPFClient\bin\Debug\WPFClient.exe" />
      <DeploymentItem filename="D:\Git\Apriori Source Code\AprioriAlgorithm\bin\Debug\AprioriAlgorithm.dll" />
      <DeploymentItem filename="D:\Git\Apriori Source Code\References\Moq.dll" />
    </Deployment>
    <Execution>
      <TestTypeSpecific />
      <AgentRule name="Execution Agents">
      </AgentRule>
    </Execution>
  </TestSettings>
  <Times creation="2012-11-22T00:22:02.7812511+02:00" queuing="2012-11-22T00:22:04.8253680+02:00" start="2012-11-22T00:22:05.4114015+02:00" finish="2012-11-22T00:22:51.8440573+02:00" />
  <ResultSummary outcome="Error">
    <Counters total="1" executed="1" error="0" failed="0" timeout="0" aborted="1" inconclusive="0" passedButRunAborted="0" notRunnable="0" notExecuted="0" disconnected="0" warning="0" passed="0" completed="0" inProgress="0" pending="0" />
    <RunInfos>
      <RunInfo computerName="OMAR-PC" outcome="Error" timestamp="2012-11-22T00:22:51.8360568+02:00">
        <Text>Test host process exited unexpectedly.</Text>
      </RunInfo>
    </RunInfos>
  </ResultSummary>
  <TestDefinitions>
    <UnitTest name="ProcessTransactionsTest" storage="d:\git\apriori source code\unittests\bin\debug\unittests.dll" id="eeab1caf-cb80-c4b9-3fc0-c9d988400c4f">
      <Execution id="a34fa54a-83cd-43cd-9ce4-02449d55d434" />
      <TestMethod codeBase="D:/Git/Apriori Source Code/UnitTests/bin/Debug/UnitTests.DLL" adapterTypeName="Microsoft.VisualStudio.TestTools.TestTypes.Unit.UnitTestAdapter, Microsoft.VisualStudio.QualityTools.Tips.UnitTest.Adapter, Version=10.0.0.0, Culture=neutral, PublicKeyToken=b03f5f7f11d50a3a" className="UnitTests.MainViewModelTest, UnitTests, Version=1.0.0.0, Culture=neutral, PublicKeyToken=null" name="ProcessTransactionsTest" />
    </UnitTest>
  </TestDefinitions>
  <TestLists>
    <TestList name="Results Not in a List" id="8c84fa94-04c1-424b-9868-57a2d4851a1d" />
    <TestList name="All Loaded Results" id="19431567-8539-422a-85d7-44ee4e166bda" />
  </TestLists>
  <TestEntries>
    <TestEntry testId="eeab1caf-cb80-c4b9-3fc0-c9d988400c4f" executionId="a34fa54a-83cd-43cd-9ce4-02449d55d434" testListId="8c84fa94-04c1-424b-9868-57a2d4851a1d" />
  </TestEntries>
  <Results>
    <UnitTestResult executionId="a34fa54a-83cd-43cd-9ce4-02449d55d434" testId="eeab1caf-cb80-c4b9-3fc0-c9d988400c4f" testName="ProcessTransactionsTest" computerName="OMAR-PC" duration="00:00:45.8286213" startTime="2012-11-22T00:22:06.0154360+02:00" endTime="2012-11-22T00:22:51.8440573+02:00" testType="13cdc9d9-ddb5-4fa4-a97d-d965ccfc6d4b" outcome="Aborted" testListId="8c84fa94-04c1-424b-9868-57a2d4851a1d" relativeResultsDirectory="a34fa54a-83cd-43cd-9ce4-02449d55d434">
    </UnitTestResult>
  </Results>
</TestRun>