<?xml version="1.0" encoding="UTF-8"?>
<TestRun id="10b1fd4b-1e76-4390-8093-5d9493486bd2" name="Omar@OMAR-PC 2012-11-22 00:18:48" runUser="Omar-PC\Omar" xmlns="http://microsoft.com/schemas/VisualStudio/TeamTest/2010">
  <TestSettings name="Local" id="eef0e273-97f3-4062-8c3f-615cccc566c4">
    <Description>These are default test settings for a local test run.</Description>
    <Deployment enabled="false" runDeploymentRoot="Omar_OMAR-PC 2012-11-22 00_18_48">
      <DeploymentItem filename="D:\Git\Apriori Source Code\WPFClient\bin\Debug\WPFClient.exe" />
      <DeploymentItem filename="D:\Git\Apriori Source Code\AprioriAlgorithm\bin\Debug\AprioriAlgorithm.dll" />
      <DeploymentItem filename="D:\Git\Apriori Source Code\References\Moq.dll" />
    </Deployment>
    <Execution>
      <TestTypeSpecific />
      <AgentRule name="Execution Agents">
      </AgentRule>
    </Execution>
  </TestSettings>
  <Times creation="2012-11-22T00:18:48.0811148+02:00" queuing="2012-11-22T00:18:48.2891267+02:00" start="2012-11-22T00:18:48.3641310+02:00" finish="2012-11-22T00:18:49.4231916+02:00" />
  <ResultSummary outcome="Failed">
    <Counters total="24" executed="24" passed="23" error="0" failed="1" timeout="0" aborted="0" inconclusive="0" passedButRunAborted="0" notRunnable="0" notExecuted="0" disconnected="0" warning="0" completed="0" inProgress="0" pending="0" />
  </ResultSummary>
  <TestDefinitions>
    <UnitTest name="GenerateCandidate_SingleElementsTest" storage="d:\git\apriori source code\unittests\bin\debug\unittests.dll" id="db1faccf-a701-0d7d-e8da-06f4be234fc3">
      <Execution id="373eb431-a345-4584-944e-d06d06a64be6" />
      <TestMethod codeBase="D:/Git/Apriori Source Code/UnitTests/bin/Debug/UnitTests.DLL" adapterTypeName="Microsoft.VisualStudio.TestTools.TestTypes.Unit.UnitTestAdapter, Microsoft.VisualStudio.QualityTools.Tips.UnitTest.Adapter, Version=10.0.0.0, Culture=neutral, PublicKeyToken=b03f5f7f11d50a3a" className="UnitTests.AprioriTest, UnitTests, Version=1.0.0.0, Culture=neutral, PublicKeyToken=null" name="GenerateCandidate_SingleElementsTest" />
    </UnitTest>
    <UnitTest name="CheckIsSubsetTest" storage="d:\git\apriori source code\unittests\bin\debug\unittests.dll" id="47355744-f9b3-7ddf-e694-1d993a4aff04">
      <Execution id="87dc3d23-8561-4481-bdd6-654451867d1e" />
      <TestMethod codeBase="D:/Git/Apriori Source Code/UnitTests/bin/Debug/UnitTests.DLL" adapterTypeName="Microsoft.VisualStudio.TestTools.TestTypes.Unit.UnitTestAdapter, Microsoft.VisualStudio.QualityTools.Tips.UnitTest.Adapter, Version=10.0.0.0, Culture=neutral, PublicKeyToken=b03f5f7f11d50a3a" className="UnitTests.AprioriTest, UnitTests, Version=1.0.0.0, Culture=neutral, PublicKeyToken=null" name="CheckIsSubsetTest" />
    </UnitTest>
    <UnitTest name="GenerateSubsetsTest" storage="d:\git\apriori source code\unittests\bin\debug\unittests.dll" id="0d9c70f7-77dc-7cc2-5ad5-e6c93da95a85">
      <Execution id="7e2ae6ac-9289-4e36-bd1d-223e87cec1ba" />
      <TestMethod codeBase="D:/Git/Apriori Source Code/UnitTests/bin/Debug/UnitTests.DLL" adapterTypeName="Microsoft.VisualStudio.TestTools.TestTypes.Unit.UnitTestAdapter, Microsoft.VisualStudio.QualityTools.Tips.UnitTest.Adapter, Version=10.0.0.0, Culture=neutral, PublicKeyToken=b03f5f7f11d50a3a" className="UnitTests.AprioriTest, UnitTests, Version=1.0.0.0, Culture=neutral, PublicKeyToken=null" name="GenerateSubsetsTest" />
    </UnitTest>
    <UnitTest name="GetL1FrequentItemsTest" storage="d:\git\apriori source code\unittests\bin\debug\unittests.dll" id="d9452e47-f6d3-fd21-14d3-de11b83794de">
      <Execution id="191ffc42-55bb-4de6-b3e6-f2233146fce2" />
      <TestMethod codeBase="D:/Git/Apriori Source Code/UnitTests/bin/Debug/UnitTests.DLL" adapterTypeName="Microsoft.VisualStudio.TestTools.TestTypes.Unit.UnitTestAdapter, Microsoft.VisualStudio.QualityTools.Tips.UnitTest.Adapter, Version=10.0.0.0, Culture=neutral, PublicKeyToken=b03f5f7f11d50a3a" className="UnitTests.AprioriTest, UnitTests, Version=1.0.0.0, Culture=neutral, PublicKeyToken=null" name="GetL1FrequentItemsTest" />
    </UnitTest>
    <UnitTest name="GenerateCandidate_SameFirstElementTest" storage="d:\git\apriori source code\unittests\bin\debug\unittests.dll" id="7aa91dbc-bf30-d8dc-2e2c-67540148b539">
      <Execution id="4d296299-2170-46f6-8f8b-0ad87dc5f0c3" />
      <TestMethod codeBase="D:/Git/Apriori Source Code/UnitTests/bin/Debug/UnitTests.DLL" adapterTypeName="Microsoft.VisualStudio.TestTools.TestTypes.Unit.UnitTestAdapter, Microsoft.VisualStudio.QualityTools.Tips.UnitTest.Adapter, Version=10.0.0.0, Culture=neutral, PublicKeyToken=b03f5f7f11d50a3a" className="UnitTests.AprioriTest, UnitTests, Version=1.0.0.0, Culture=neutral, PublicKeyToken=null" name="GenerateCandidate_SameFirstElementTest" />
    </UnitTest>
    <UnitTest name="DeleteTransactionTest" storage="d:\git\apriori source code\unittests\bin\debug\unittests.dll" id="0f6be0cd-d9b5-1c72-ee7c-4ab1f6302148">
      <Execution id="54a2801a-5630-4913-8abc-768f81e188f0" />
      <TestMethod codeBase="D:/Git/Apriori Source Code/UnitTests/bin/Debug/UnitTests.DLL" adapterTypeName="Microsoft.VisualStudio.TestTools.TestTypes.Unit.UnitTestAdapter, Microsoft.VisualStudio.QualityTools.Tips.UnitTest.Adapter, Version=10.0.0.0, Culture=neutral, PublicKeyToken=b03f5f7f11d50a3a" className="UnitTests.MainViewModelTest, UnitTests, Version=1.0.0.0, Culture=neutral, PublicKeyToken=null" name="DeleteTransactionTest" />
    </UnitTest>
    <UnitTest name="CanRemoveItemWhenSelectedItemIsNull" storage="d:\git\apriori source code\unittests\bin\debug\unittests.dll" id="7d0da9b9-0f04-1952-d8cf-da2e5c93727e">
      <Execution id="86d4bc57-75cb-43c6-9f24-4e80f15ff7a4" />
      <TestMethod codeBase="D:/Git/Apriori Source Code/UnitTests/bin/Debug/UnitTests.DLL" adapterTypeName="Microsoft.VisualStudio.TestTools.TestTypes.Unit.UnitTestAdapter, Microsoft.VisualStudio.QualityTools.Tips.UnitTest.Adapter, Version=10.0.0.0, Culture=neutral, PublicKeyToken=b03f5f7f11d50a3a" className="UnitTests.MainViewModelTest, UnitTests, Version=1.0.0.0, Culture=neutral, PublicKeyToken=null" name="CanRemoveItemWhenSelectedItemIsNull" />
    </UnitTest>
    <UnitTest name="GenerateCandidate_DifferentFirstElementTest" storage="d:\git\apriori source code\unittests\bin\debug\unittests.dll" id="3db3f769-84d0-6e9f-d9cf-0f244a128d3e">
      <Execution id="d8136647-4a25-4873-8247-988093514b0a" />
      <TestMethod codeBase="D:/Git/Apriori Source Code/UnitTests/bin/Debug/UnitTests.DLL" adapterTypeName="Microsoft.VisualStudio.TestTools.TestTypes.Unit.UnitTestAdapter, Microsoft.VisualStudio.QualityTools.Tips.UnitTest.Adapter, Version=10.0.0.0, Culture=neutral, PublicKeyToken=b03f5f7f11d50a3a" className="UnitTests.AprioriTest, UnitTests, Version=1.0.0.0, Culture=neutral, PublicKeyToken=null" name="GenerateCandidate_DifferentFirstElementTest" />
    </UnitTest>
    <UnitTest name="GetFrequentItemsTest" storage="d:\git\apriori source code\unittests\bin\debug\unittests.dll" id="b00b8de3-a232-5c13-f763-f9655213c826">
      <Execution id="b4af7752-94c1-4ac7-9f80-271112410c97" />
      <TestMethod codeBase="D:/Git/Apriori Source Code/UnitTests/bin/Debug/UnitTests.DLL" adapterTypeName="Microsoft.VisualStudio.TestTools.TestTypes.Unit.UnitTestAdapter, Microsoft.VisualStudio.QualityTools.Tips.UnitTest.Adapter, Version=10.0.0.0, Culture=neutral, PublicKeyToken=b03f5f7f11d50a3a" className="UnitTests.AprioriTest, UnitTests, Version=1.0.0.0, Culture=neutral, PublicKeyToken=null" name="GetFrequentItemsTest" />
    </UnitTest>
    <UnitTest name="RemoveItemTest" storage="d:\git\apriori source code\unittests\bin\debug\unittests.dll" id="7be207c9-5a2c-bada-4c5d-443cebf103df">
      <Execution id="dbf4fa91-5014-4ac8-b0e9-ee73cce1cdea" />
      <TestMethod codeBase="D:/Git/Apriori Source Code/UnitTests/bin/Debug/UnitTests.DLL" adapterTypeName="Microsoft.VisualStudio.TestTools.TestTypes.Unit.UnitTestAdapter, Microsoft.VisualStudio.QualityTools.Tips.UnitTest.Adapter, Version=10.0.0.0, Culture=neutral, PublicKeyToken=b03f5f7f11d50a3a" className="UnitTests.MainViewModelTest, UnitTests, Version=1.0.0.0, Culture=neutral, PublicKeyToken=null" name="RemoveItemTest" />
    </UnitTest>
    <UnitTest name="ProcessTransactionsTest" storage="d:\git\apriori source code\unittests\bin\debug\unittests.dll" id="eeab1caf-cb80-c4b9-3fc0-c9d988400c4f">
      <Execution id="81c98597-416d-479c-aaa9-0c209efff415" />
      <TestMethod codeBase="D:/Git/Apriori Source Code/UnitTests/bin/Debug/UnitTests.DLL" adapterTypeName="Microsoft.VisualStudio.TestTools.TestTypes.Unit.UnitTestAdapter, Microsoft.VisualStudio.QualityTools.Tips.UnitTest.Adapter, Version=10.0.0.0, Culture=neutral, PublicKeyToken=b03f5f7f11d50a3a" className="UnitTests.MainViewModelTest, UnitTests, Version=1.0.0.0, Culture=neutral, PublicKeyToken=null" name="ProcessTransactionsTest" />
    </UnitTest>
    <UnitTest name="ClearAllTransactionsTest" storage="d:\git\apriori source code\unittests\bin\debug\unittests.dll" id="f8e6568f-420f-a5f2-94a0-b241c1aa07ee">
      <Execution id="6e9142f1-498c-4677-91ef-623dc3f59b6d" />
      <TestMethod codeBase="D:/Git/Apriori Source Code/UnitTests/bin/Debug/UnitTests.DLL" adapterTypeName="Microsoft.VisualStudio.TestTools.TestTypes.Unit.UnitTestAdapter, Microsoft.VisualStudio.QualityTools.Tips.UnitTest.Adapter, Version=10.0.0.0, Culture=neutral, PublicKeyToken=b03f5f7f11d50a3a" className="UnitTests.MainViewModelTest, UnitTests, Version=1.0.0.0, Culture=neutral, PublicKeyToken=null" name="ClearAllTransactionsTest" />
    </UnitTest>
    <UnitTest name="AddItemTest" storage="d:\git\apriori source code\unittests\bin\debug\unittests.dll" id="3c75c560-2942-0354-6ed8-d83a610cc1b4">
      <Execution id="518ae8fa-1fbc-4623-9851-4ee5383f4e8e" />
      <TestMethod codeBase="D:/Git/Apriori Source Code/UnitTests/bin/Debug/UnitTests.DLL" adapterTypeName="Microsoft.VisualStudio.TestTools.TestTypes.Unit.UnitTestAdapter, Microsoft.VisualStudio.QualityTools.Tips.UnitTest.Adapter, Version=10.0.0.0, Culture=neutral, PublicKeyToken=b03f5f7f11d50a3a" className="UnitTests.MainViewModelTest, UnitTests, Version=1.0.0.0, Culture=neutral, PublicKeyToken=null" name="AddItemTest" />
    </UnitTest>
    <UnitTest name="AddTransactionTest" storage="d:\git\apriori source code\unittests\bin\debug\unittests.dll" id="71eed856-c94e-d277-7327-7d975d95ea1d">
      <Execution id="4537e63e-cb00-4c77-ae34-8c3ccddd8319" />
      <TestMethod codeBase="D:/Git/Apriori Source Code/UnitTests/bin/Debug/UnitTests.DLL" adapterTypeName="Microsoft.VisualStudio.TestTools.TestTypes.Unit.UnitTestAdapter, Microsoft.VisualStudio.QualityTools.Tips.UnitTest.Adapter, Version=10.0.0.0, Culture=neutral, PublicKeyToken=b03f5f7f11d50a3a" className="UnitTests.MainViewModelTest, UnitTests, Version=1.0.0.0, Culture=neutral, PublicKeyToken=null" name="AddTransactionTest" />
    </UnitTest>
    <UnitTest name="CanAddTransactionTest" storage="d:\git\apriori source code\unittests\bin\debug\unittests.dll" id="e9ad4b8e-5f8a-b5e8-e730-e321bc439662">
      <Execution id="815c5505-1026-430c-a519-512d441cb119" />
      <TestMethod codeBase="D:/Git/Apriori Source Code/UnitTests/bin/Debug/UnitTests.DLL" adapterTypeName="Microsoft.VisualStudio.TestTools.TestTypes.Unit.UnitTestAdapter, Microsoft.VisualStudio.QualityTools.Tips.UnitTest.Adapter, Version=10.0.0.0, Culture=neutral, PublicKeyToken=b03f5f7f11d50a3a" className="UnitTests.MainViewModelTest, UnitTests, Version=1.0.0.0, Culture=neutral, PublicKeyToken=null" name="CanAddTransactionTest" />
    </UnitTest>
    <UnitTest name="SortTest" storage="d:\git\apriori source code\unittests\bin\debug\unittests.dll" id="d691d167-395e-77cd-bd5c-db1e0eb70640">
      <Execution id="5588db12-aed5-441b-993c-6eff75d32c56" />
      <TestMethod codeBase="D:/Git/Apriori Source Code/UnitTests/bin/Debug/UnitTests.DLL" adapterTypeName="Microsoft.VisualStudio.TestTools.TestTypes.Unit.UnitTestAdapter, Microsoft.VisualStudio.QualityTools.Tips.UnitTest.Adapter, Version=10.0.0.0, Culture=neutral, PublicKeyToken=b03f5f7f11d50a3a" className="UnitTests.SorterTest, UnitTests, Version=1.0.0.0, Culture=neutral, PublicKeyToken=null" name="SortTest" />
    </UnitTest>
    <UnitTest name="ProcessTransactionTest" storage="d:\git\apriori source code\unittests\bin\debug\unittests.dll" id="b342f264-9df3-807c-ce99-6c6e897104ee">
      <Execution id="b7f76ea7-8ffb-4ff3-878a-ce82b05c8d58" />
      <TestMethod codeBase="D:/Git/Apriori Source Code/UnitTests/bin/Debug/UnitTests.DLL" adapterTypeName="Microsoft.VisualStudio.TestTools.TestTypes.Unit.UnitTestAdapter, Microsoft.VisualStudio.QualityTools.Tips.UnitTest.Adapter, Version=10.0.0.0, Culture=neutral, PublicKeyToken=b03f5f7f11d50a3a" className="UnitTests.AprioriTest, UnitTests, Version=1.0.0.0, Culture=neutral, PublicKeyToken=null" name="ProcessTransactionTest" />
    </UnitTest>
    <UnitTest name="GenerateCandidatesTest" storage="d:\git\apriori source code\unittests\bin\debug\unittests.dll" id="806e8973-81b6-8790-7470-23437b085dfa">
      <Execution id="73c839c7-fddb-4711-bf08-3b5d65727499" />
      <TestMethod codeBase="D:/Git/Apriori Source Code/UnitTests/bin/Debug/UnitTests.DLL" adapterTypeName="Microsoft.VisualStudio.TestTools.TestTypes.Unit.UnitTestAdapter, Microsoft.VisualStudio.QualityTools.Tips.UnitTest.Adapter, Version=10.0.0.0, Culture=neutral, PublicKeyToken=b03f5f7f11d50a3a" className="UnitTests.AprioriTest, UnitTests, Version=1.0.0.0, Culture=neutral, PublicKeyToken=null" name="GenerateCandidatesTest" />
    </UnitTest>
    <UnitTest name="GenerateSubsetsRecursiveTest" storage="d:\git\apriori source code\unittests\bin\debug\unittests.dll" id="11e29e37-ee22-7d4c-b79d-dcd1859ee1d8">
      <Execution id="65d7c8e4-f270-458a-9e3f-d90f795121d6" />
      <TestMethod codeBase="D:/Git/Apriori Source Code/UnitTests/bin/Debug/UnitTests.DLL" adapterTypeName="Microsoft.VisualStudio.TestTools.TestTypes.Unit.UnitTestAdapter, Microsoft.VisualStudio.QualityTools.Tips.UnitTest.Adapter, Version=10.0.0.0, Culture=neutral, PublicKeyToken=b03f5f7f11d50a3a" className="UnitTests.AprioriTest, UnitTests, Version=1.0.0.0, Culture=neutral, PublicKeyToken=null" name="GenerateSubsetsRecursiveTest" />
    </UnitTest>
    <UnitTest name="CanDeleteTransactionWhenSelectedTransactionIsNull" storage="d:\git\apriori source code\unittests\bin\debug\unittests.dll" id="8a6277c8-9673-2df9-304e-40d5a57ac204">
      <Execution id="0ec0dc42-0cea-4f61-b2f4-6d5ba71c8db5" />
      <TestMethod codeBase="D:/Git/Apriori Source Code/UnitTests/bin/Debug/UnitTests.DLL" adapterTypeName="Microsoft.VisualStudio.TestTools.TestTypes.Unit.UnitTestAdapter, Microsoft.VisualStudio.QualityTools.Tips.UnitTest.Adapter, Version=10.0.0.0, Culture=neutral, PublicKeyToken=b03f5f7f11d50a3a" className="UnitTests.MainViewModelTest, UnitTests, Version=1.0.0.0, Culture=neutral, PublicKeyToken=null" name="CanDeleteTransactionWhenSelectedTransactionIsNull" />
    </UnitTest>
    <UnitTest name="InsertItemTest" storage="d:\git\apriori source code\unittests\bin\debug\unittests.dll" id="ce80328c-f6af-3623-2cba-3bf4c84f0d26">
      <Execution id="5238a157-88d2-4dbc-9064-0e3842d7209b" />
      <TestMethod codeBase="D:/Git/Apriori Source Code/UnitTests/bin/Debug/UnitTests.DLL" adapterTypeName="Microsoft.VisualStudio.TestTools.TestTypes.Unit.UnitTestAdapter, Microsoft.VisualStudio.QualityTools.Tips.UnitTest.Adapter, Version=10.0.0.0, Culture=neutral, PublicKeyToken=b03f5f7f11d50a3a" className="UnitTests.ObservableSetTest, UnitTests, Version=1.0.0.0, Culture=neutral, PublicKeyToken=null" name="InsertItemTest" />
    </UnitTest>
    <UnitTest name="GetSupportTest" storage="d:\git\apriori source code\unittests\bin\debug\unittests.dll" id="f7f977c7-b1c5-b0a6-f983-8fb2c58ca403">
      <Execution id="5682e026-a40b-471b-bf7d-a40b2bbc5921" />
      <TestMethod codeBase="D:/Git/Apriori Source Code/UnitTests/bin/Debug/UnitTests.DLL" adapterTypeName="Microsoft.VisualStudio.TestTools.TestTypes.Unit.UnitTestAdapter, Microsoft.VisualStudio.QualityTools.Tips.UnitTest.Adapter, Version=10.0.0.0, Culture=neutral, PublicKeyToken=b03f5f7f11d50a3a" className="UnitTests.AprioriTest, UnitTests, Version=1.0.0.0, Culture=neutral, PublicKeyToken=null" name="GetSupportTest" />
    </UnitTest>
    <UnitTest name="CanAddTransactionWhenNoItemsSelectedTest" storage="d:\git\apriori source code\unittests\bin\debug\unittests.dll" id="bd506b04-302a-9ac6-c456-9c60e08dd706">
      <Execution id="97fe324d-c721-4cb4-8e8c-0f1b485b00d0" />
      <TestMethod codeBase="D:/Git/Apriori Source Code/UnitTests/bin/Debug/UnitTests.DLL" adapterTypeName="Microsoft.VisualStudio.TestTools.TestTypes.Unit.UnitTestAdapter, Microsoft.VisualStudio.QualityTools.Tips.UnitTest.Adapter, Version=10.0.0.0, Culture=neutral, PublicKeyToken=b03f5f7f11d50a3a" className="UnitTests.MainViewModelTest, UnitTests, Version=1.0.0.0, Culture=neutral, PublicKeyToken=null" name="CanAddTransactionWhenNoItemsSelectedTest" />
    </UnitTest>
    <UnitTest name="RemoveItemInTransactionTest" storage="d:\git\apriori source code\unittests\bin\debug\unittests.dll" id="78da8912-693d-a93a-93ce-8018b63f2936">
      <Execution id="5e9e8789-54a2-4f5e-8e3e-c06ec26b5833" />
      <TestMethod codeBase="D:/Git/Apriori Source Code/UnitTests/bin/Debug/UnitTests.DLL" adapterTypeName="Microsoft.VisualStudio.TestTools.TestTypes.Unit.UnitTestAdapter, Microsoft.VisualStudio.QualityTools.Tips.UnitTest.Adapter, Version=10.0.0.0, Culture=neutral, PublicKeyToken=b03f5f7f11d50a3a" className="UnitTests.MainViewModelTest, UnitTests, Version=1.0.0.0, Culture=neutral, PublicKeyToken=null" name="RemoveItemInTransactionTest" />
    </UnitTest>
  </TestDefinitions>
  <TestLists>
    <TestList name="Results Not in a List" id="8c84fa94-04c1-424b-9868-57a2d4851a1d" />
    <TestList name="All Loaded Results" id="19431567-8539-422a-85d7-44ee4e166bda" />
  </TestLists>
  <TestEntries>
    <TestEntry testId="0d9c70f7-77dc-7cc2-5ad5-e6c93da95a85" executionId="7e2ae6ac-9289-4e36-bd1d-223e87cec1ba" testListId="8c84fa94-04c1-424b-9868-57a2d4851a1d" />
    <TestEntry testId="0f6be0cd-d9b5-1c72-ee7c-4ab1f6302148" executionId="54a2801a-5630-4913-8abc-768f81e188f0" testListId="8c84fa94-04c1-424b-9868-57a2d4851a1d" />
    <TestEntry testId="11e29e37-ee22-7d4c-b79d-dcd1859ee1d8" executionId="65d7c8e4-f270-458a-9e3f-d90f795121d6" testListId="8c84fa94-04c1-424b-9868-57a2d4851a1d" />
    <TestEntry testId="3c75c560-2942-0354-6ed8-d83a610cc1b4" executionId="518ae8fa-1fbc-4623-9851-4ee5383f4e8e" testListId="8c84fa94-04c1-424b-9868-57a2d4851a1d" />
    <TestEntry testId="3db3f769-84d0-6e9f-d9cf-0f244a128d3e" executionId="d8136647-4a25-4873-8247-988093514b0a" testListId="8c84fa94-04c1-424b-9868-57a2d4851a1d" />
    <TestEntry testId="47355744-f9b3-7ddf-e694-1d993a4aff04" executionId="87dc3d23-8561-4481-bdd6-654451867d1e" testListId="8c84fa94-04c1-424b-9868-57a2d4851a1d" />
    <TestEntry testId="71eed856-c94e-d277-7327-7d975d95ea1d" executionId="4537e63e-cb00-4c77-ae34-8c3ccddd8319" testListId="8c84fa94-04c1-424b-9868-57a2d4851a1d" />
    <TestEntry testId="78da8912-693d-a93a-93ce-8018b63f2936" executionId="5e9e8789-54a2-4f5e-8e3e-c06ec26b5833" testListId="8c84fa94-04c1-424b-9868-57a2d4851a1d" />
    <TestEntry testId="7aa91dbc-bf30-d8dc-2e2c-67540148b539" executionId="4d296299-2170-46f6-8f8b-0ad87dc5f0c3" testListId="8c84fa94-04c1-424b-9868-57a2d4851a1d" />
    <TestEntry testId="7be207c9-5a2c-bada-4c5d-443cebf103df" executionId="dbf4fa91-5014-4ac8-b0e9-ee73cce1cdea" testListId="8c84fa94-04c1-424b-9868-57a2d4851a1d" />
    <TestEntry testId="7d0da9b9-0f04-1952-d8cf-da2e5c93727e" executionId="86d4bc57-75cb-43c6-9f24-4e80f15ff7a4" testListId="8c84fa94-04c1-424b-9868-57a2d4851a1d" />
    <TestEntry testId="806e8973-81b6-8790-7470-23437b085dfa" executionId="73c839c7-fddb-4711-bf08-3b5d65727499" testListId="8c84fa94-04c1-424b-9868-57a2d4851a1d" />
    <TestEntry testId="8a6277c8-9673-2df9-304e-40d5a57ac204" executionId="0ec0dc42-0cea-4f61-b2f4-6d5ba71c8db5" testListId="8c84fa94-04c1-424b-9868-57a2d4851a1d" />
    <TestEntry testId="b00b8de3-a232-5c13-f763-f9655213c826" executionId="b4af7752-94c1-4ac7-9f80-271112410c97" testListId="8c84fa94-04c1-424b-9868-57a2d4851a1d" />
    <TestEntry testId="b342f264-9df3-807c-ce99-6c6e897104ee" executionId="b7f76ea7-8ffb-4ff3-878a-ce82b05c8d58" testListId="8c84fa94-04c1-424b-9868-57a2d4851a1d" />
    <TestEntry testId="bd506b04-302a-9ac6-c456-9c60e08dd706" executionId="97fe324d-c721-4cb4-8e8c-0f1b485b00d0" testListId="8c84fa94-04c1-424b-9868-57a2d4851a1d" />
    <TestEntry testId="ce80328c-f6af-3623-2cba-3bf4c84f0d26" executionId="5238a157-88d2-4dbc-9064-0e3842d7209b" testListId="8c84fa94-04c1-424b-9868-57a2d4851a1d" />
    <TestEntry testId="d691d167-395e-77cd-bd5c-db1e0eb70640" executionId="5588db12-aed5-441b-993c-6eff75d32c56" testListId="8c84fa94-04c1-424b-9868-57a2d4851a1d" />
    <TestEntry testId="d9452e47-f6d3-fd21-14d3-de11b83794de" executionId="191ffc42-55bb-4de6-b3e6-f2233146fce2" testListId="8c84fa94-04c1-424b-9868-57a2d4851a1d" />
    <TestEntry testId="db1faccf-a701-0d7d-e8da-06f4be234fc3" executionId="373eb431-a345-4584-944e-d06d06a64be6" testListId="8c84fa94-04c1-424b-9868-57a2d4851a1d" />
    <TestEntry testId="e9ad4b8e-5f8a-b5e8-e730-e321bc439662" executionId="815c5505-1026-430c-a519-512d441cb119" testListId="8c84fa94-04c1-424b-9868-57a2d4851a1d" />
    <TestEntry testId="eeab1caf-cb80-c4b9-3fc0-c9d988400c4f" executionId="81c98597-416d-479c-aaa9-0c209efff415" testListId="8c84fa94-04c1-424b-9868-57a2d4851a1d" />
    <TestEntry testId="f7f977c7-b1c5-b0a6-f983-8fb2c58ca403" executionId="5682e026-a40b-471b-bf7d-a40b2bbc5921" testListId="8c84fa94-04c1-424b-9868-57a2d4851a1d" />
    <TestEntry testId="f8e6568f-420f-a5f2-94a0-b241c1aa07ee" executionId="6e9142f1-498c-4677-91ef-623dc3f59b6d" testListId="8c84fa94-04c1-424b-9868-57a2d4851a1d" />
  </TestEntries>
  <Results>
    <UnitTestResult executionId="7e2ae6ac-9289-4e36-bd1d-223e87cec1ba" testId="0d9c70f7-77dc-7cc2-5ad5-e6c93da95a85" testName="GenerateSubsetsTest" computerName="OMAR-PC" duration="00:00:00.0445790" startTime="2012-11-22T00:18:48.3721315+02:00" endTime="2012-11-22T00:18:48.7911555+02:00" testType="13cdc9d9-ddb5-4fa4-a97d-d965ccfc6d4b" outcome="Passed" testListId="8c84fa94-04c1-424b-9868-57a2d4851a1d" relativeResultsDirectory="7e2ae6ac-9289-4e36-bd1d-223e87cec1ba">
    </UnitTestResult>
    <UnitTestResult executionId="54a2801a-5630-4913-8abc-768f81e188f0" testId="0f6be0cd-d9b5-1c72-ee7c-4ab1f6302148" testName="DeleteTransactionTest" computerName="OMAR-PC" duration="00:00:00.2363063" startTime="2012-11-22T00:18:48.7931556+02:00" endTime="2012-11-22T00:18:49.0351694+02:00" testType="13cdc9d9-ddb5-4fa4-a97d-d965ccfc6d4b" outcome="Passed" testListId="8c84fa94-04c1-424b-9868-57a2d4851a1d" relativeResultsDirectory="54a2801a-5630-4913-8abc-768f81e188f0">
    </UnitTestResult>
    <UnitTestResult executionId="65d7c8e4-f270-458a-9e3f-d90f795121d6" testId="11e29e37-ee22-7d4c-b79d-dcd1859ee1d8" testName="GenerateSubsetsRecursiveTest" computerName="OMAR-PC" duration="00:00:00.0020160" startTime="2012-11-22T00:18:49.0401697+02:00" endTime="2012-11-22T00:18:49.0471701+02:00" testType="13cdc9d9-ddb5-4fa4-a97d-d965ccfc6d4b" outcome="Passed" testListId="8c84fa94-04c1-424b-9868-57a2d4851a1d" relativeResultsDirectory="65d7c8e4-f270-458a-9e3f-d90f795121d6">
    </UnitTestResult>
    <UnitTestResult executionId="518ae8fa-1fbc-4623-9851-4ee5383f4e8e" testId="3c75c560-2942-0354-6ed8-d83a610cc1b4" testName="AddItemTest" computerName="OMAR-PC" duration="00:00:00.0039500" startTime="2012-11-22T00:18:49.0501703+02:00" endTime="2012-11-22T00:18:49.0591708+02:00" testType="13cdc9d9-ddb5-4fa4-a97d-d965ccfc6d4b" outcome="Passed" testListId="8c84fa94-04c1-424b-9868-57a2d4851a1d" relativeResultsDirectory="518ae8fa-1fbc-4623-9851-4ee5383f4e8e">
    </UnitTestResult>
    <UnitTestResult executionId="d8136647-4a25-4873-8247-988093514b0a" testId="3db3f769-84d0-6e9f-d9cf-0f244a128d3e" testName="GenerateCandidate_DifferentFirstElementTest" computerName="OMAR-PC" duration="00:00:00.0015764" startTime="2012-11-22T00:18:49.0661712+02:00" endTime="2012-11-22T00:18:49.0721715+02:00" testType="13cdc9d9-ddb5-4fa4-a97d-d965ccfc6d4b" outcome="Passed" testListId="8c84fa94-04c1-424b-9868-57a2d4851a1d" relativeResultsDirectory="d8136647-4a25-4873-8247-988093514b0a">
    </UnitTestResult>
    <UnitTestResult executionId="87dc3d23-8561-4481-bdd6-654451867d1e" testId="47355744-f9b3-7ddf-e694-1d993a4aff04" testName="CheckIsSubsetTest" computerName="OMAR-PC" duration="00:00:00.0015309" startTime="2012-11-22T00:18:49.0741716+02:00" endTime="2012-11-22T00:18:49.0821721+02:00" testType="13cdc9d9-ddb5-4fa4-a97d-d965ccfc6d4b" outcome="Passed" testListId="8c84fa94-04c1-424b-9868-57a2d4851a1d" relativeResultsDirectory="87dc3d23-8561-4481-bdd6-654451867d1e">
    </UnitTestResult>
    <UnitTestResult executionId="4537e63e-cb00-4c77-ae34-8c3ccddd8319" testId="71eed856-c94e-d277-7327-7d975d95ea1d" testName="AddTransactionTest" computerName="OMAR-PC" duration="00:00:00.0041217" startTime="2012-11-22T00:18:49.0841722+02:00" endTime="2012-11-22T00:18:49.0941728+02:00" testType="13cdc9d9-ddb5-4fa4-a97d-d965ccfc6d4b" outcome="Passed" testListId="8c84fa94-04c1-424b-9868-57a2d4851a1d" relativeResultsDirectory="4537e63e-cb00-4c77-ae34-8c3ccddd8319">
    </UnitTestResult>
    <UnitTestResult executionId="5e9e8789-54a2-4f5e-8e3e-c06ec26b5833" testId="78da8912-693d-a93a-93ce-8018b63f2936" testName="RemoveItemInTransactionTest" computerName="OMAR-PC" duration="00:00:00.0033911" startTime="2012-11-22T00:18:49.0971730+02:00" endTime="2012-11-22T00:18:49.1071735+02:00" testType="13cdc9d9-ddb5-4fa4-a97d-d965ccfc6d4b" outcome="Passed" testListId="8c84fa94-04c1-424b-9868-57a2d4851a1d" relativeResultsDirectory="5e9e8789-54a2-4f5e-8e3e-c06ec26b5833">
    </UnitTestResult>
    <UnitTestResult executionId="4d296299-2170-46f6-8f8b-0ad87dc5f0c3" testId="7aa91dbc-bf30-d8dc-2e2c-67540148b539" testName="GenerateCandidate_SameFirstElementTest" computerName="OMAR-PC" duration="00:00:00.0005454" startTime="2012-11-22T00:18:49.1101737+02:00" endTime="2012-11-22T00:18:49.1161740+02:00" testType="13cdc9d9-ddb5-4fa4-a97d-d965ccfc6d4b" outcome="Passed" testListId="8c84fa94-04c1-424b-9868-57a2d4851a1d" relativeResultsDirectory="4d296299-2170-46f6-8f8b-0ad87dc5f0c3">
    </UnitTestResult>
    <UnitTestResult executionId="dbf4fa91-5014-4ac8-b0e9-ee73cce1cdea" testId="7be207c9-5a2c-bada-4c5d-443cebf103df" testName="RemoveItemTest" computerName="OMAR-PC" duration="00:00:00.0020649" startTime="2012-11-22T00:18:49.1191742+02:00" endTime="2012-11-22T00:18:49.1261746+02:00" testType="13cdc9d9-ddb5-4fa4-a97d-d965ccfc6d4b" outcome="Passed" testListId="8c84fa94-04c1-424b-9868-57a2d4851a1d" relativeResultsDirectory="dbf4fa91-5014-4ac8-b0e9-ee73cce1cdea">
    </UnitTestResult>
    <UnitTestResult executionId="86d4bc57-75cb-43c6-9f24-4e80f15ff7a4" testId="7d0da9b9-0f04-1952-d8cf-da2e5c93727e" testName="CanRemoveItemWhenSelectedItemIsNull" computerName="OMAR-PC" duration="00:00:00.0008807" startTime="2012-11-22T00:18:49.1291748+02:00" endTime="2012-11-22T00:18:49.1341751+02:00" testType="13cdc9d9-ddb5-4fa4-a97d-d965ccfc6d4b" outcome="Passed" testListId="8c84fa94-04c1-424b-9868-57a2d4851a1d" relativeResultsDirectory="86d4bc57-75cb-43c6-9f24-4e80f15ff7a4">
    </UnitTestResult>
    <UnitTestResult executionId="73c839c7-fddb-4711-bf08-3b5d65727499" testId="806e8973-81b6-8790-7470-23437b085dfa" testName="GenerateCandidatesTest" computerName="OMAR-PC" duration="00:00:00.0040659" startTime="2012-11-22T00:18:49.1371752+02:00" endTime="2012-11-22T00:18:49.1451757+02:00" testType="13cdc9d9-ddb5-4fa4-a97d-d965ccfc6d4b" outcome="Passed" testListId="8c84fa94-04c1-424b-9868-57a2d4851a1d" relativeResultsDirectory="73c839c7-fddb-4711-bf08-3b5d65727499">
    </UnitTestResult>
    <UnitTestResult executionId="0ec0dc42-0cea-4f61-b2f4-6d5ba71c8db5" testId="8a6277c8-9673-2df9-304e-40d5a57ac204" testName="CanDeleteTransactionWhenSelectedTransactionIsNull" computerName="OMAR-PC" duration="00:00:00.0005655" startTime="2012-11-22T00:18:49.1471758+02:00" endTime="2012-11-22T00:18:49.1521761+02:00" testType="13cdc9d9-ddb5-4fa4-a97d-d965ccfc6d4b" outcome="Passed" testListId="8c84fa94-04c1-424b-9868-57a2d4851a1d" relativeResultsDirectory="0ec0dc42-0cea-4f61-b2f4-6d5ba71c8db5">
    </UnitTestResult>
    <UnitTestResult executionId="b4af7752-94c1-4ac7-9f80-271112410c97" testId="b00b8de3-a232-5c13-f763-f9655213c826" testName="GetFrequentItemsTest" computerName="OMAR-PC" duration="00:00:00.0054687" startTime="2012-11-22T00:18:49.1541762+02:00" endTime="2012-11-22T00:18:49.1651768+02:00" testType="13cdc9d9-ddb5-4fa4-a97d-d965ccfc6d4b" outcome="Passed" testListId="8c84fa94-04c1-424b-9868-57a2d4851a1d" relativeResultsDirectory="b4af7752-94c1-4ac7-9f80-271112410c97">
    </UnitTestResult>
    <UnitTestResult executionId="b7f76ea7-8ffb-4ff3-878a-ce82b05c8d58" testId="b342f264-9df3-807c-ce99-6c6e897104ee" testName="ProcessTransactionTest" computerName="OMAR-PC" duration="00:00:00.0161217" startTime="2012-11-22T00:18:49.1671770+02:00" endTime="2012-11-22T00:18:49.1891782+02:00" testType="13cdc9d9-ddb5-4fa4-a97d-d965ccfc6d4b" outcome="Passed" testListId="8c84fa94-04c1-424b-9868-57a2d4851a1d" relativeResultsDirectory="b7f76ea7-8ffb-4ff3-878a-ce82b05c8d58">
    </UnitTestResult>
    <UnitTestResult executionId="97fe324d-c721-4cb4-8e8c-0f1b485b00d0" testId="bd506b04-302a-9ac6-c456-9c60e08dd706" testName="CanAddTransactionWhenNoItemsSelectedTest" computerName="OMAR-PC" duration="00:00:00.0013904" startTime="2012-11-22T00:18:49.1921784+02:00" endTime="2012-11-22T00:18:49.1991788+02:00" testType="13cdc9d9-ddb5-4fa4-a97d-d965ccfc6d4b" outcome="Passed" testListId="8c84fa94-04c1-424b-9868-57a2d4851a1d" relativeResultsDirectory="97fe324d-c721-4cb4-8e8c-0f1b485b00d0">
    </UnitTestResult>
    <UnitTestResult executionId="5238a157-88d2-4dbc-9064-0e3842d7209b" testId="ce80328c-f6af-3623-2cba-3bf4c84f0d26" testName="InsertItemTest" computerName="OMAR-PC" duration="00:00:00.0006702" startTime="2012-11-22T00:18:49.2031790+02:00" endTime="2012-11-22T00:18:49.2091794+02:00" testType="13cdc9d9-ddb5-4fa4-a97d-d965ccfc6d4b" outcome="Passed" testListId="8c84fa94-04c1-424b-9868-57a2d4851a1d" relativeResultsDirectory="5238a157-88d2-4dbc-9064-0e3842d7209b">
    </UnitTestResult>
    <UnitTestResult executionId="5588db12-aed5-441b-993c-6eff75d32c56" testId="d691d167-395e-77cd-bd5c-db1e0eb70640" testName="SortTest" computerName="OMAR-PC" duration="00:00:00.0006263" startTime="2012-11-22T00:18:49.2141796+02:00" endTime="2012-11-22T00:18:49.2201800+02:00" testType="13cdc9d9-ddb5-4fa4-a97d-d965ccfc6d4b" outcome="Passed" testListId="8c84fa94-04c1-424b-9868-57a2d4851a1d" relativeResultsDirectory="5588db12-aed5-441b-993c-6eff75d32c56">
    </UnitTestResult>
    <UnitTestResult executionId="191ffc42-55bb-4de6-b3e6-f2233146fce2" testId="d9452e47-f6d3-fd21-14d3-de11b83794de" testName="GetL1FrequentItemsTest" computerName="OMAR-PC" duration="00:00:00.0020726" startTime="2012-11-22T00:18:49.2221801+02:00" endTime="2012-11-22T00:18:49.2291805+02:00" testType="13cdc9d9-ddb5-4fa4-a97d-d965ccfc6d4b" outcome="Passed" testListId="8c84fa94-04c1-424b-9868-57a2d4851a1d" relativeResultsDirectory="191ffc42-55bb-4de6-b3e6-f2233146fce2">
    </UnitTestResult>
    <UnitTestResult executionId="373eb431-a345-4584-944e-d06d06a64be6" testId="db1faccf-a701-0d7d-e8da-06f4be234fc3" testName="GenerateCandidate_SingleElementsTest" computerName="OMAR-PC" duration="00:00:00.0006528" startTime="2012-11-22T00:18:49.2311806+02:00" endTime="2012-11-22T00:18:49.2381810+02:00" testType="13cdc9d9-ddb5-4fa4-a97d-d965ccfc6d4b" outcome="Passed" testListId="8c84fa94-04c1-424b-9868-57a2d4851a1d" relativeResultsDirectory="373eb431-a345-4584-944e-d06d06a64be6">
    </UnitTestResult>
    <UnitTestResult executionId="815c5505-1026-430c-a519-512d441cb119" testId="e9ad4b8e-5f8a-b5e8-e730-e321bc439662" testName="CanAddTransactionTest" computerName="OMAR-PC" duration="00:00:00.0007837" startTime="2012-11-22T00:18:49.2411812+02:00" endTime="2012-11-22T00:18:49.2481816+02:00" testType="13cdc9d9-ddb5-4fa4-a97d-d965ccfc6d4b" outcome="Passed" testListId="8c84fa94-04c1-424b-9868-57a2d4851a1d" relativeResultsDirectory="815c5505-1026-430c-a519-512d441cb119">
    </UnitTestResult>
    <UnitTestResult executionId="81c98597-416d-479c-aaa9-0c209efff415" testId="eeab1caf-cb80-c4b9-3fc0-c9d988400c4f" testName="ProcessTransactionsTest" computerName="OMAR-PC" duration="00:00:00.1283636" startTime="2012-11-22T00:18:49.2501817+02:00" endTime="2012-11-22T00:18:49.3831893+02:00" testType="13cdc9d9-ddb5-4fa4-a97d-d965ccfc6d4b" outcome="Failed" testListId="8c84fa94-04c1-424b-9868-57a2d4851a1d" relativeResultsDirectory="81c98597-416d-479c-aaa9-0c209efff415">
      <Output>
        <ErrorInfo>
          <Message>Test method UnitTests.MainViewModelTest.ProcessTransactionsTest threw exception: 
Moq.MockException: 
Expected invocation on the mock once, but was 0 times: a =&gt; a.ProcessTransaction(.target.MinSupport, .target.MinConfidence, .items, .target.Transactions.ToArray&lt;String&gt;())
No setups configured.

Performed invocations:
IApriori.ProcessTransaction(0, 0, System.Linq.Enumerable+WhereSelectEnumerableIterator`2[WPFClient.Item,System.String], System.String[])</Message>
          <StackTrace>    at Moq.Mock.ThrowVerifyException(MethodCall expected, IEnumerable`1 setups, IEnumerable`1 actualCalls, Expression expression, Times times, Int32 callCount)
   at Moq.Mock.VerifyCalls(Interceptor targetInterceptor, MethodCall expected, Expression expression, Times times)
   at Moq.Mock.Verify[T,TResult](Mock mock, Expression`1 expression, Times times, String failMessage)
   at Moq.Mock`1.Verify[TResult](Expression`1 expression, Times times)
   at UnitTests.MainViewModelTest.ProcessTransactionsTest() in D:\Git\Apriori Source Code\UnitTests\UI Tests\MainViewModelTest.cs:line 165
</StackTrace>
        </ErrorInfo>
      </Output>
    </UnitTestResult>
    <UnitTestResult executionId="5682e026-a40b-471b-bf7d-a40b2bbc5921" testId="f7f977c7-b1c5-b0a6-f983-8fb2c58ca403" testName="GetSupportTest" computerName="OMAR-PC" duration="00:00:00.0012572" startTime="2012-11-22T00:18:49.3851894+02:00" endTime="2012-11-22T00:18:49.3911898+02:00" testType="13cdc9d9-ddb5-4fa4-a97d-d965ccfc6d4b" outcome="Passed" testListId="8c84fa94-04c1-424b-9868-57a2d4851a1d" relativeResultsDirectory="5682e026-a40b-471b-bf7d-a40b2bbc5921">
    </UnitTestResult>
    <UnitTestResult executionId="6e9142f1-498c-4677-91ef-623dc3f59b6d" testId="f8e6568f-420f-a5f2-94a0-b241c1aa07ee" testName="ClearAllTransactionsTest" computerName="OMAR-PC" duration="00:00:00.0013923" startTime="2012-11-22T00:18:49.3931899+02:00" endTime="2012-11-22T00:18:49.3991902+02:00" testType="13cdc9d9-ddb5-4fa4-a97d-d965ccfc6d4b" outcome="Passed" testListId="8c84fa94-04c1-424b-9868-57a2d4851a1d" relativeResultsDirectory="6e9142f1-498c-4677-91ef-623dc3f59b6d">
    </UnitTestResult>
  </Results>
</TestRun>